
> @ustaxcourt/payment-portal@0.1.3 test
> npx jest --config jest-unit.config.ts --runInBand --no-coverage

PASS src/utils/logger.test.ts
PASS src/appContext.test.ts
  ● Console

    console.log
      [Knex] env=test db=mydb_test

      at createKnexFromEnv (src/db/knex.ts:30:13)

PASS src/lambdaHandler.test.ts
  ● Console

    console.log
      [Knex] env=test db=mydb_test

      at createKnexFromEnv (src/db/knex.ts:30:13)

PASS src/useCases/getTransactionsByStatus.test.ts
  ● Console

    console.log
      [Knex] env=test db=mydb_test

      at createKnexFromEnv (src/db/knex.ts:30:13)

PASS src/useCases/getTransactionPaymentStatus.test.ts
  ● Console

    console.log
      [Knex] env=test db=mydb_test

      at createKnexFromEnv (src/db/knex.ts:30:13)

PASS src/useCases/getRecentTransactions.test.ts
  ● Console

    console.log
      [Knex] env=test db=mydb_test

      at createKnexFromEnv (src/db/knex.ts:30:13)

PASS src/db/TransactionModel.test.ts
  ● Console

    console.log
      [Knex] env=test db=mydb_test

      at createKnexFromEnv (src/db/knex.ts:30:13)

PASS src/migrationHandler.test.ts
  ● Console

    console.log
      [migrationHandler] command=migrate db=paymentportal_pr_99

      at src/migrationHandler.ts:280:11

    console.log
      [migrationHandler] using source migrations directory: /Users/Franz.Tanglao.ctr/GitHub/ustc-payment-portal/db/migrations

      at getMigrationsDirectory (src/migrationHandler.ts:165:11)

    console.log
      [migrationHandler] command=migrate db=paymentportal_pr_99

      at src/migrationHandler.ts:280:11

    console.log
      [migrationHandler] using source migrations directory: /Users/Franz.Tanglao.ctr/GitHub/ustc-payment-portal/db/migrations

      at getMigrationsDirectory (src/migrationHandler.ts:165:11)

    console.log
      [migrationHandler] command=migrate db=paymentportal_pr_99

      at src/migrationHandler.ts:280:11

    console.log
      [migrationHandler] command=migrate db=paymentportal_pr_99

      at src/migrationHandler.ts:280:11

    console.log
      [migrationHandler] command=migrate db=paymentportal_pr_99

      at src/migrationHandler.ts:280:11

    console.log
      [migrationHandler] using source migrations directory: /Users/Franz.Tanglao.ctr/GitHub/ustc-payment-portal/db/migrations

      at getMigrationsDirectory (src/migrationHandler.ts:165:11)

    console.log
      [migrationHandler] command=verify db=paymentportal_pr_99

      at src/migrationHandler.ts:280:11

    console.log
      [migrationHandler] using source migrations directory: /Users/Franz.Tanglao.ctr/GitHub/ustc-payment-portal/db/migrations

      at getMigrationsDirectory (src/migrationHandler.ts:165:11)

    console.log
      [migrationHandler] command=seed db=paymentportal_pr_99

      at src/migrationHandler.ts:280:11

    console.log
      [migrationHandler] using source migrations directory: /Users/Franz.Tanglao.ctr/GitHub/ustc-payment-portal/db/migrations

      at getMigrationsDirectory (src/migrationHandler.ts:165:11)

    console.log
      [migrationHandler] command=create-db db=paymentportal_pr_99

      at src/migrationHandler.ts:280:11

    console.log
      [migrationHandler] command=create-db db=paymentportal_pr_99

      at src/migrationHandler.ts:280:11

    console.log
      [migrationHandler] command=create-db db=paymentportal_pr_99

      at src/migrationHandler.ts:280:11

    console.log
      [migrationHandler] command=create-db db=(local)

      at src/migrationHandler.ts:280:11

    console.log
      [migrationHandler] command=drop-db db=paymentportal_pr_99

      at src/migrationHandler.ts:280:11

    console.log
      [migrationHandler] command=drop-db db=paymentportal_pr_99

      at src/migrationHandler.ts:280:11

    console.log
      [migrationHandler] command=drop-db db=paymentportal

      at src/migrationHandler.ts:280:11

    console.log
      [migrationHandler] command=gc-dbs db=paymentportal_pr_99

      at src/migrationHandler.ts:280:11

    console.log
      [migrationHandler] command=gc-dbs db=paymentportal_pr_99

      at src/migrationHandler.ts:280:11

    console.log
      [migrationHandler] command=gc-dbs db=paymentportal_pr_99

      at src/migrationHandler.ts:280:11

    console.log
      [migrationHandler] gc-dbs: dropped paymentportal_pr_10

      at src/migrationHandler.ts:263:15

    console.log
      [migrationHandler] gc-dbs: dropped paymentportal_pr_30

      at src/migrationHandler.ts:263:15

    console.log
      [migrationHandler] command=gc-dbs db=paymentportal_pr_99

      at src/migrationHandler.ts:280:11

    console.log
      [migrationHandler] command=gc-dbs db=paymentportal_pr_99

      at src/migrationHandler.ts:280:11

    console.log
      [migrationHandler] gc-dbs: dropped paymentportal_pr_10

      at src/migrationHandler.ts:263:15

    console.log
      [migrationHandler] command=gc-dbs db=paymentportal_pr_99

      at src/migrationHandler.ts:280:11

PASS src/db/FeesModel.test.ts
  ● Console

    console.log
      [Knex] env=test db=mydb_test

      at createKnexFromEnv (src/db/knex.ts:30:13)

PASS src/useCases/processPayment.test.ts
  ● Console

    console.warn
      Client 'Test Client' attempted to process token for feeId 'fee-123' without access

      37 |     client.allowedFeeIds.includes(transaction.feeId);
      38 |   if (!hasAccess) {
    > 39 |     console.warn(
         |             ^
      40 |       `Client '${client.clientName}' attempted to process token for feeId '${transaction.feeId}' without access`,
      41 |     );
      42 |     throw new ForbiddenError(

      at src/useCases/processPayment.ts:39:13
      at fulfilled (src/useCases/processPayment.ts:5:58)

    console.log
      processPayment request CompleteOnlineCollectionWithDetailsRequest {
        tcsAppId: 'TCSUSTAXCOURTPETITION',
        requestType: 'completeOnlineCollectionWithDetails',
        makeSoapRequest: [Function (anonymous)],
        useHttp: [Function (anonymous)],
        handleFault: [Function (anonymous)],
        token: 'mock-token'
      }

      at src/useCases/processPayment.ts:77:11

    console.log
      makeRequest <soapenv:Envelope xmlns:tcs="http://fms.treas.gov/services/tcsonline_3_3" xmlns:soapenv="http://schemas.xmlsoap.org/soap/envelope/">
        <soapenv:Header></soapenv:Header>
        <soapenv:Body>
          <tcs:completeOnlineCollectionWithDetails>
            <completeOnlineCollectionWithDetailsRequest>
              <tcs_app_id>TCSUSTAXCOURTPETITION</tcs_app_id>
              <token>mock-token</token>
            </completeOnlineCollectionWithDetailsRequest>
          </tcs:completeOnlineCollectionWithDetails>
        </soapenv:Body>
      </soapenv:Envelope>

      at Object.<anonymous> (src/entities/SoapRequest.ts:72:13)

    console.log
      makeRequest undefined

      at Object.<anonymous> (src/entities/SoapRequest.ts:74:13)

    console.error
      Fee not found for feeId: fee-123

      63 |   const fee = await FeesModel.getFeeById(transaction.feeId);
      64 |   if (!fee) {
    > 65 |     console.error(`Fee not found for feeId: ${transaction.feeId}`);
         |             ^
      66 |     throw new NotFoundError("Fee configuration not found for this transaction");
      67 |   }
      68 |   if (!fee.tcsAppId) {

      at src/useCases/processPayment.ts:65:13
      at fulfilled (src/useCases/processPayment.ts:5:58)

    console.error
      Fee fee-123 is missing tcsAppId configuration

      67 |   }
      68 |   if (!fee.tcsAppId) {
    > 69 |     console.error(`Fee ${transaction.feeId} is missing tcsAppId configuration`);
         |             ^
      70 |     throw new ServerError();
      71 |   }
      72 |

      at src/useCases/processPayment.ts:69:13
      at fulfilled (src/useCases/processPayment.ts:5:58)

    console.log
      processPayment request CompleteOnlineCollectionWithDetailsRequest {
        tcsAppId: 'TCSUSTAXCOURTPETITION',
        requestType: 'completeOnlineCollectionWithDetails',
        makeSoapRequest: [Function (anonymous)],
        useHttp: [Function (anonymous)],
        handleFault: [Function (anonymous)],
        token: 'mock-token'
      }

      at src/useCases/processPayment.ts:77:11

    console.log
      makeRequest <soapenv:Envelope xmlns:tcs="http://fms.treas.gov/services/tcsonline_3_3" xmlns:soapenv="http://schemas.xmlsoap.org/soap/envelope/">
        <soapenv:Header></soapenv:Header>
        <soapenv:Body>
          <tcs:completeOnlineCollectionWithDetails>
            <completeOnlineCollectionWithDetailsRequest>
              <tcs_app_id>TCSUSTAXCOURTPETITION</tcs_app_id>
              <token>mock-token</token>
            </completeOnlineCollectionWithDetailsRequest>
          </tcs:completeOnlineCollectionWithDetails>
        </soapenv:Body>
      </soapenv:Envelope>

      at Object.<anonymous> (src/entities/SoapRequest.ts:72:13)

    console.log
      makeRequest <?xml version="1.0" encoding="UTF-8"?>
      <S:Envelope xmlns:S="http://schemas.xmlsoap.org/soap/envelope/">
        <S:Header>
          <WorkContext xmlns="http://oracle.com/weblogic/soap/workarea/">blah=</WorkContext>
        </S:Header>
        <S:Body>
          <ns2:completeOnlineCollectionWithDetailsResponse xmlns:ns2="http://fms.treas.gov/services/tcsonline_3_1">
            <completeOnlineCollectionWithDetailsResponse>
              <paygov_tracking_id>211d8c91c046404fb159b52d042a12ba</paygov_tracking_id>
              <agency_tracking_id>agency-tracking-token</agency_tracking_id>
              <transaction_amount>150.00</transaction_amount>
              <transaction_type>Sale</transaction_type>
              <transaction_date>2023-09-18T10:54:05</transaction_date>
              <payment_date>2023-09-19</payment_date>
              <transaction_status>Success</transaction_status>
              <payment_type>PLASTIC_CARD</payment_type>
            </completeOnlineCollectionWithDetailsResponse>
          </ns2:completeOnlineCollectionWithDetailsResponse>
        </S:Body>
      </S:Envelope>

      at Object.<anonymous> (src/entities/SoapRequest.ts:74:13)

    console.log
      processPayment result {
        paygov_tracking_id: '211d8c91c046404fb159b52d042a12ba',
        agency_tracking_id: 'agency-tracking-token',
        transaction_amount: 150,
        transaction_date: '2023-09-18T10:54:05',
        payment_date: '2023-09-19',
        transaction_status: 'Success',
        payment_type: 'PLASTIC_CARD'
      }

      at src/useCases/processPayment.ts:82:13

    console.log
      processPayment request CompleteOnlineCollectionWithDetailsRequest {
        tcsAppId: 'TCSUSTAXCOURTPETITION',
        requestType: 'completeOnlineCollectionWithDetails',
        makeSoapRequest: [Function (anonymous)],
        useHttp: [Function (anonymous)],
        handleFault: [Function (anonymous)],
        token: 'mock-token'
      }

      at src/useCases/processPayment.ts:77:11

    console.log
      makeRequest <soapenv:Envelope xmlns:tcs="http://fms.treas.gov/services/tcsonline_3_3" xmlns:soapenv="http://schemas.xmlsoap.org/soap/envelope/">
        <soapenv:Header></soapenv:Header>
        <soapenv:Body>
          <tcs:completeOnlineCollectionWithDetails>
            <completeOnlineCollectionWithDetailsRequest>
              <tcs_app_id>TCSUSTAXCOURTPETITION</tcs_app_id>
              <token>mock-token</token>
            </completeOnlineCollectionWithDetailsRequest>
          </tcs:completeOnlineCollectionWithDetails>
        </soapenv:Body>
      </soapenv:Envelope>

      at Object.<anonymous> (src/entities/SoapRequest.ts:72:13)

    console.log
      makeRequest <?xml version="1.0" encoding="UTF-8"?>
      <S:Envelope xmlns:S="http://schemas.xmlsoap.org/soap/envelope/">
        <S:Header>
          <WorkContext xmlns="http://oracle.com/weblogic/soap/workarea/">blah=</WorkContext>
        </S:Header>
        <S:Body>
          <ns2:completeOnlineCollectionWithDetailsResponse xmlns:ns2="http://fms.treas.gov/services/tcsonline_3_1">
            <completeOnlineCollectionWithDetailsResponse>
              <paygov_tracking_id>211d8c91c046404fb159b52d042a12ba</paygov_tracking_id>
              <agency_tracking_id>agency-tracking-token</agency_tracking_id>
              <transaction_amount>150.00</transaction_amount>
              <transaction_type>Sale</transaction_type>
              <transaction_date>2023-09-18T10:54:05</transaction_date>
              <payment_date>2023-09-19</payment_date>
              <transaction_status>Success</transaction_status>
              <payment_type>PLASTIC_CARD</payment_type>
            </completeOnlineCollectionWithDetailsResponse>
          </ns2:completeOnlineCollectionWithDetailsResponse>
        </S:Body>
      </S:Envelope>

      at Object.<anonymous> (src/entities/SoapRequest.ts:74:13)

    console.log
      processPayment result {
        paygov_tracking_id: '211d8c91c046404fb159b52d042a12ba',
        agency_tracking_id: 'agency-tracking-token',
        transaction_amount: 150,
        transaction_date: '2023-09-18T10:54:05',
        payment_date: '2023-09-19',
        transaction_status: 'Success',
        payment_type: 'PLASTIC_CARD'
      }

      at src/useCases/processPayment.ts:82:13

    console.log
      processPayment request CompleteOnlineCollectionWithDetailsRequest {
        tcsAppId: 'TCSUSTAXCOURTPETITION',
        requestType: 'completeOnlineCollectionWithDetails',
        makeSoapRequest: [Function (anonymous)],
        useHttp: [Function (anonymous)],
        handleFault: [Function (anonymous)],
        token: 'mock-token'
      }

      at src/useCases/processPayment.ts:77:11

    console.log
      makeRequest <soapenv:Envelope xmlns:tcs="http://fms.treas.gov/services/tcsonline_3_3" xmlns:soapenv="http://schemas.xmlsoap.org/soap/envelope/">
        <soapenv:Header></soapenv:Header>
        <soapenv:Body>
          <tcs:completeOnlineCollectionWithDetails>
            <completeOnlineCollectionWithDetailsRequest>
              <tcs_app_id>TCSUSTAXCOURTPETITION</tcs_app_id>
              <token>mock-token</token>
            </completeOnlineCollectionWithDetailsRequest>
          </tcs:completeOnlineCollectionWithDetails>
        </soapenv:Body>
      </soapenv:Envelope>

      at Object.<anonymous> (src/entities/SoapRequest.ts:72:13)

    console.log
      makeRequest <?xml version="1.0" encoding="UTF-8"?>
      <S:Envelope xmlns:S="http://schemas.xmlsoap.org/soap/envelope/">
        <S:Header>
          <WorkContext xmlns="http://oracle.com/weblogic/soap/workarea/">blah=</WorkContext>
        </S:Header>
        <S:Body>
          <ns2:completeOnlineCollectionWithDetailsResponse xmlns:ns2="http://fms.treas.gov/services/tcsonline_3_1">
            <completeOnlineCollectionWithDetailsResponse>
              <paygov_tracking_id>211d8c91c046404fb159b52d042a12ba</paygov_tracking_id>
              <agency_tracking_id>agency-tracking-token</agency_tracking_id>
              <transaction_amount>150.00</transaction_amount>
              <transaction_type>Sale</transaction_type>
              <transaction_date>2023-09-18T10:54:05</transaction_date>
              <payment_date>2023-09-19</payment_date>
              <transaction_status>Success</transaction_status>
              <payment_type>PLASTIC_CARD</payment_type>
            </completeOnlineCollectionWithDetailsResponse>
          </ns2:completeOnlineCollectionWithDetailsResponse>
        </S:Body>
      </S:Envelope>

      at Object.<anonymous> (src/entities/SoapRequest.ts:74:13)

    console.log
      processPayment result {
        paygov_tracking_id: '211d8c91c046404fb159b52d042a12ba',
        agency_tracking_id: 'agency-tracking-token',
        transaction_amount: 150,
        transaction_date: '2023-09-18T10:54:05',
        payment_date: '2023-09-19',
        transaction_status: 'Success',
        payment_type: 'PLASTIC_CARD'
      }

      at src/useCases/processPayment.ts:82:13

    console.log
      processPayment request CompleteOnlineCollectionWithDetailsRequest {
        tcsAppId: 'TCSUSTAXCOURTPETITION',
        requestType: 'completeOnlineCollectionWithDetails',
        makeSoapRequest: [Function (anonymous)],
        useHttp: [Function (anonymous)],
        handleFault: [Function (anonymous)],
        token: 'mock-token'
      }

      at src/useCases/processPayment.ts:77:11

    console.log
      makeRequest <soapenv:Envelope xmlns:tcs="http://fms.treas.gov/services/tcsonline_3_3" xmlns:soapenv="http://schemas.xmlsoap.org/soap/envelope/">
        <soapenv:Header></soapenv:Header>
        <soapenv:Body>
          <tcs:completeOnlineCollectionWithDetails>
            <completeOnlineCollectionWithDetailsRequest>
              <tcs_app_id>TCSUSTAXCOURTPETITION</tcs_app_id>
              <token>mock-token</token>
            </completeOnlineCollectionWithDetailsRequest>
          </tcs:completeOnlineCollectionWithDetails>
        </soapenv:Body>
      </soapenv:Envelope>

      at Object.<anonymous> (src/entities/SoapRequest.ts:72:13)

    console.log
      makeRequest <?xml version="1.0" encoding="UTF-8"?>
      <S:Envelope xmlns:S="http://schemas.xmlsoap.org/soap/envelope/">
        <S:Header>
          <WorkContext xmlns="http://oracle.com/weblogic/soap/workarea/">blah=</WorkContext>
        </S:Header>
        <S:Body>
          <ns2:completeOnlineCollectionWithDetailsResponse xmlns:ns2="http://fms.treas.gov/services/tcsonline_3_1">
            <completeOnlineCollectionWithDetailsResponse>
              <paygov_tracking_id>211d8c91c046404fb159b52d042a12ba</paygov_tracking_id>
              <agency_tracking_id>agency-tracking-token</agency_tracking_id>
              <transaction_amount>150.00</transaction_amount>
              <transaction_type>Sale</transaction_type>
              <transaction_date>2023-09-18T10:54:05</transaction_date>
              <payment_date>2023-09-19</payment_date>
              <transaction_status>Success</transaction_status>
              <payment_type>PLASTIC_CARD</payment_type>
            </completeOnlineCollectionWithDetailsResponse>
          </ns2:completeOnlineCollectionWithDetailsResponse>
        </S:Body>
      </S:Envelope>

      at Object.<anonymous> (src/entities/SoapRequest.ts:74:13)

    console.log
      processPayment result {
        paygov_tracking_id: '211d8c91c046404fb159b52d042a12ba',
        agency_tracking_id: 'agency-tracking-token',
        transaction_amount: 150,
        transaction_date: '2023-09-18T10:54:05',
        payment_date: '2023-09-19',
        transaction_status: 'Success',
        payment_type: 'PLASTIC_CARD'
      }

      at src/useCases/processPayment.ts:82:13

    console.log
      processPayment request CompleteOnlineCollectionWithDetailsRequest {
        tcsAppId: 'TCSUSTAXCOURTPETITION',
        requestType: 'completeOnlineCollectionWithDetails',
        makeSoapRequest: [Function (anonymous)],
        useHttp: [Function (anonymous)],
        handleFault: [Function (anonymous)],
        token: 'mock-token'
      }

      at src/useCases/processPayment.ts:77:11

    console.log
      makeRequest <soapenv:Envelope xmlns:tcs="http://fms.treas.gov/services/tcsonline_3_3" xmlns:soapenv="http://schemas.xmlsoap.org/soap/envelope/">
        <soapenv:Header></soapenv:Header>
        <soapenv:Body>
          <tcs:completeOnlineCollectionWithDetails>
            <completeOnlineCollectionWithDetailsRequest>
              <tcs_app_id>TCSUSTAXCOURTPETITION</tcs_app_id>
              <token>mock-token</token>
            </completeOnlineCollectionWithDetailsRequest>
          </tcs:completeOnlineCollectionWithDetails>
        </soapenv:Body>
      </soapenv:Envelope>

      at Object.<anonymous> (src/entities/SoapRequest.ts:72:13)

    console.log
      makeRequest <?xml version="1.0" encoding="UTF-8"?>
      <S:Envelope xmlns:S="http://schemas.xmlsoap.org/soap/envelope/">
        <S:Header>
          <WorkContext xmlns="http://oracle.com/weblogic/soap/workarea/">blah=</WorkContext>
        </S:Header>
        <S:Body>
          <ns2:completeOnlineCollectionWithDetailsResponse xmlns:ns2="http://fms.treas.gov/services/tcsonline_3_1">
            <completeOnlineCollectionWithDetailsResponse>
              <paygov_tracking_id>211d8c91c046404fb159b52d042a12ba</paygov_tracking_id>
              <agency_tracking_id>agency-tracking-token</agency_tracking_id>
              <transaction_amount>150.00</transaction_amount>
              <transaction_type>Sale</transaction_type>
              <transaction_date>2023-09-18T10:54:05</transaction_date>
              <payment_date>2023-09-19</payment_date>
              <transaction_status>Success</transaction_status>
              <payment_type>PLASTIC_CARD</payment_type>
            </completeOnlineCollectionWithDetailsResponse>
          </ns2:completeOnlineCollectionWithDetailsResponse>
        </S:Body>
      </S:Envelope>

      at Object.<anonymous> (src/entities/SoapRequest.ts:74:13)

    console.log
      processPayment result {
        paygov_tracking_id: '211d8c91c046404fb159b52d042a12ba',
        agency_tracking_id: 'agency-tracking-token',
        transaction_amount: 150,
        transaction_date: '2023-09-18T10:54:05',
        payment_date: '2023-09-19',
        transaction_status: 'Success',
        payment_type: 'PLASTIC_CARD'
      }

      at src/useCases/processPayment.ts:82:13

    console.log
      processPayment request CompleteOnlineCollectionWithDetailsRequest {
        tcsAppId: 'TCSUSTAXCOURTPETITION',
        requestType: 'completeOnlineCollectionWithDetails',
        makeSoapRequest: [Function (anonymous)],
        useHttp: [Function (anonymous)],
        handleFault: [Function (anonymous)],
        token: 'mock-token'
      }

      at src/useCases/processPayment.ts:77:11

    console.log
      makeRequest <soapenv:Envelope xmlns:tcs="http://fms.treas.gov/services/tcsonline_3_3" xmlns:soapenv="http://schemas.xmlsoap.org/soap/envelope/">
        <soapenv:Header></soapenv:Header>
        <soapenv:Body>
          <tcs:completeOnlineCollectionWithDetails>
            <completeOnlineCollectionWithDetailsRequest>
              <tcs_app_id>TCSUSTAXCOURTPETITION</tcs_app_id>
              <token>mock-token</token>
            </completeOnlineCollectionWithDetailsRequest>
          </tcs:completeOnlineCollectionWithDetails>
        </soapenv:Body>
      </soapenv:Envelope>

      at Object.<anonymous> (src/entities/SoapRequest.ts:72:13)

    console.log
      makeRequest <?xml version="1.0" encoding="UTF-8"?>
      <S:Envelope xmlns:S="http://schemas.xmlsoap.org/soap/envelope/">
        <S:Header>
          <WorkContext xmlns="http://oracle.com/weblogic/soap/workarea/">blah=</WorkContext>
        </S:Header>
        <S:Body>
          <ns2:completeOnlineCollectionWithDetailsResponse xmlns:ns2="http://fms.treas.gov/services/tcsonline_3_1">
            <completeOnlineCollectionWithDetailsResponse>
              <paygov_tracking_id>211d8c91c046404fb159b52d042a12ba</paygov_tracking_id>
              <agency_tracking_id>agency-tracking-token</agency_tracking_id>
              <transaction_amount>150.00</transaction_amount>
              <transaction_type>Sale</transaction_type>
              <transaction_date>2023-09-18T10:54:05</transaction_date>
              <payment_date>2023-09-19</payment_date>
              <transaction_status>Success</transaction_status>
              <payment_type>PLASTIC_CARD</payment_type>
            </completeOnlineCollectionWithDetailsResponse>
          </ns2:completeOnlineCollectionWithDetailsResponse>
        </S:Body>
      </S:Envelope>

      at Object.<anonymous> (src/entities/SoapRequest.ts:74:13)

    console.log
      processPayment result {
        paygov_tracking_id: '211d8c91c046404fb159b52d042a12ba',
        agency_tracking_id: 'agency-tracking-token',
        transaction_amount: 150,
        transaction_date: '2023-09-18T10:54:05',
        payment_date: '2023-09-19',
        transaction_status: 'Success',
        payment_type: 'PLASTIC_CARD'
      }

      at src/useCases/processPayment.ts:82:13

    console.log
      processPayment request CompleteOnlineCollectionWithDetailsRequest {
        tcsAppId: 'TCSUSTAXCOURTPETITION',
        requestType: 'completeOnlineCollectionWithDetails',
        makeSoapRequest: [Function (anonymous)],
        useHttp: [Function (anonymous)],
        handleFault: [Function (anonymous)],
        token: 'mock-token'
      }

      at src/useCases/processPayment.ts:77:11

    console.log
      makeRequest <soapenv:Envelope xmlns:tcs="http://fms.treas.gov/services/tcsonline_3_3" xmlns:soapenv="http://schemas.xmlsoap.org/soap/envelope/">
        <soapenv:Header></soapenv:Header>
        <soapenv:Body>
          <tcs:completeOnlineCollectionWithDetails>
            <completeOnlineCollectionWithDetailsRequest>
              <tcs_app_id>TCSUSTAXCOURTPETITION</tcs_app_id>
              <token>mock-token</token>
            </completeOnlineCollectionWithDetailsRequest>
          </tcs:completeOnlineCollectionWithDetails>
        </soapenv:Body>
      </soapenv:Envelope>

      at Object.<anonymous> (src/entities/SoapRequest.ts:72:13)

    console.log
      makeRequest <?xml version="1.0" encoding="UTF-8"?>
      <S:Envelope xmlns:S="http://schemas.xmlsoap.org/soap/envelope/">
        <S:Header>
          <WorkContext xmlns="http://oracle.com/weblogic/soap/workarea/">blah=</WorkContext>
        </S:Header>
        <S:Body>
          <ns2:completeOnlineCollectionWithDetailsResponse xmlns:ns2="http://fms.treas.gov/services/tcsonline_3_1">
            <completeOnlineCollectionWithDetailsResponse>
              <paygov_tracking_id>211d8c91c046404fb159b52d042a12ba</paygov_tracking_id>
              <agency_tracking_id>agency-tracking-token</agency_tracking_id>
              <transaction_amount>150.00</transaction_amount>
              <transaction_type>Sale</transaction_type>
              <transaction_date>2023-09-18T10:54:05</transaction_date>
              <payment_date>2023-09-19</payment_date>
              <transaction_status>Success</transaction_status>
              <payment_type>PLASTIC_CARD</payment_type>
            </completeOnlineCollectionWithDetailsResponse>
          </ns2:completeOnlineCollectionWithDetailsResponse>
        </S:Body>
      </S:Envelope>

      at Object.<anonymous> (src/entities/SoapRequest.ts:74:13)

    console.log
      processPayment result {
        paygov_tracking_id: '211d8c91c046404fb159b52d042a12ba',
        agency_tracking_id: 'agency-tracking-token',
        transaction_amount: 150,
        transaction_date: '2023-09-18T10:54:05',
        payment_date: '2023-09-19',
        transaction_status: 'Success',
        payment_type: 'PLASTIC_CARD'
      }

      at src/useCases/processPayment.ts:82:13

    console.log
      processPayment request CompleteOnlineCollectionWithDetailsRequest {
        tcsAppId: 'TCSUSTAXCOURTPETITION',
        requestType: 'completeOnlineCollectionWithDetails',
        makeSoapRequest: [Function (anonymous)],
        useHttp: [Function (anonymous)],
        handleFault: [Function (anonymous)],
        token: 'mock-token'
      }

      at src/useCases/processPayment.ts:77:11

    console.log
      makeRequest <soapenv:Envelope xmlns:tcs="http://fms.treas.gov/services/tcsonline_3_3" xmlns:soapenv="http://schemas.xmlsoap.org/soap/envelope/">
        <soapenv:Header></soapenv:Header>
        <soapenv:Body>
          <tcs:completeOnlineCollectionWithDetails>
            <completeOnlineCollectionWithDetailsRequest>
              <tcs_app_id>TCSUSTAXCOURTPETITION</tcs_app_id>
              <token>mock-token</token>
            </completeOnlineCollectionWithDetailsRequest>
          </tcs:completeOnlineCollectionWithDetails>
        </soapenv:Body>
      </soapenv:Envelope>

      at Object.<anonymous> (src/entities/SoapRequest.ts:72:13)

    console.log
      makeRequest <?xml version="1.0" encoding="UTF-8"?>
      <S:Envelope xmlns:S="http://schemas.xmlsoap.org/soap/envelope/">
        <S:Header>
          <WorkContext xmlns="http://oracle.com/weblogic/soap/workarea/">blah=</WorkContext>
        </S:Header>
        <S:Body>
          <ns2:completeOnlineCollectionWithDetailsResponse xmlns:ns2="http://fms.treas.gov/services/tcsonline_3_1">
            <completeOnlineCollectionWithDetailsResponse>
              <paygov_tracking_id>211d8c91c046404fb159b52d042a12ba</paygov_tracking_id>
              <agency_tracking_id>agency-tracking-token</agency_tracking_id>
              <transaction_amount>150.00</transaction_amount>
              <transaction_type>Sale</transaction_type>
              <transaction_date>2023-09-18T10:54:05</transaction_date>
              <payment_date>2023-09-19</payment_date>
              <transaction_status>Success</transaction_status>
              <payment_type>PLASTIC_CARD</payment_type>
            </completeOnlineCollectionWithDetailsResponse>
          </ns2:completeOnlineCollectionWithDetailsResponse>
        </S:Body>
      </S:Envelope>

      at Object.<anonymous> (src/entities/SoapRequest.ts:74:13)

    console.log
      processPayment result {
        paygov_tracking_id: '211d8c91c046404fb159b52d042a12ba',
        agency_tracking_id: 'agency-tracking-token',
        transaction_amount: 150,
        transaction_date: '2023-09-18T10:54:05',
        payment_date: '2023-09-19',
        transaction_status: 'Success',
        payment_type: 'PLASTIC_CARD'
      }

      at src/useCases/processPayment.ts:82:13

    console.log
      processPayment request CompleteOnlineCollectionWithDetailsRequest {
        tcsAppId: 'TCSUSTAXCOURTPETITION',
        requestType: 'completeOnlineCollectionWithDetails',
        makeSoapRequest: [Function (anonymous)],
        useHttp: [Function (anonymous)],
        handleFault: [Function (anonymous)],
        token: 'mock-token'
      }

      at src/useCases/processPayment.ts:77:11

    console.log
      makeRequest <soapenv:Envelope xmlns:tcs="http://fms.treas.gov/services/tcsonline_3_3" xmlns:soapenv="http://schemas.xmlsoap.org/soap/envelope/">
        <soapenv:Header></soapenv:Header>
        <soapenv:Body>
          <tcs:completeOnlineCollectionWithDetails>
            <completeOnlineCollectionWithDetailsRequest>
              <tcs_app_id>TCSUSTAXCOURTPETITION</tcs_app_id>
              <token>mock-token</token>
            </completeOnlineCollectionWithDetailsRequest>
          </tcs:completeOnlineCollectionWithDetails>
        </soapenv:Body>
      </soapenv:Envelope>

      at Object.<anonymous> (src/entities/SoapRequest.ts:72:13)

    console.log
      makeRequest <?xml version="1.0" encoding="UTF-8"?>
      <S:Envelope xmlns:S="http://schemas.xmlsoap.org/soap/envelope/">
        <S:Header>
          <WorkContext xmlns="http://oracle.com/weblogic/soap/workarea/">blah=</WorkContext>
        </S:Header>
        <S:Body>
          <ns2:completeOnlineCollectionWithDetailsResponse xmlns:ns2="http://fms.treas.gov/services/tcsonline_3_1">
            <completeOnlineCollectionWithDetailsResponse>
              <paygov_tracking_id>211d8c91c046404fb159b52d042a12ba</paygov_tracking_id>
              <agency_tracking_id>agency-tracking-token</agency_tracking_id>
              <transaction_amount>150.00</transaction_amount>
              <transaction_type>Sale</transaction_type>
              <transaction_date>2023-09-18T10:54:05</transaction_date>
              <payment_date>2023-09-19</payment_date>
              <transaction_status>Success</transaction_status>
              <payment_type>PLASTIC_CARD</payment_type>
            </completeOnlineCollectionWithDetailsResponse>
          </ns2:completeOnlineCollectionWithDetailsResponse>
        </S:Body>
      </S:Envelope>

      at Object.<anonymous> (src/entities/SoapRequest.ts:74:13)

    console.log
      processPayment result {
        paygov_tracking_id: '211d8c91c046404fb159b52d042a12ba',
        agency_tracking_id: 'agency-tracking-token',
        transaction_amount: 150,
        transaction_date: '2023-09-18T10:54:05',
        payment_date: '2023-09-19',
        transaction_status: 'Success',
        payment_type: 'PLASTIC_CARD'
      }

      at src/useCases/processPayment.ts:82:13

    console.log
      processPayment request CompleteOnlineCollectionWithDetailsRequest {
        tcsAppId: 'TCSUSTAXCOURTPETITION',
        requestType: 'completeOnlineCollectionWithDetails',
        makeSoapRequest: [Function (anonymous)],
        useHttp: [Function (anonymous)],
        handleFault: [Function (anonymous)],
        token: 'mock-token'
      }

      at src/useCases/processPayment.ts:77:11

    console.log
      makeRequest <soapenv:Envelope xmlns:tcs="http://fms.treas.gov/services/tcsonline_3_3" xmlns:soapenv="http://schemas.xmlsoap.org/soap/envelope/">
        <soapenv:Header></soapenv:Header>
        <soapenv:Body>
          <tcs:completeOnlineCollectionWithDetails>
            <completeOnlineCollectionWithDetailsRequest>
              <tcs_app_id>TCSUSTAXCOURTPETITION</tcs_app_id>
              <token>mock-token</token>
            </completeOnlineCollectionWithDetailsRequest>
          </tcs:completeOnlineCollectionWithDetails>
        </soapenv:Body>
      </soapenv:Envelope>

      at Object.<anonymous> (src/entities/SoapRequest.ts:72:13)

    console.log
      makeRequest <?xml version="1.0" encoding="UTF-8"?>
      <S:Envelope xmlns:S="http://schemas.xmlsoap.org/soap/envelope/">
        <S:Header>
          <WorkContext xmlns="http://oracle.com/weblogic/soap/workarea/">blah=</WorkContext>
        </S:Header>
        <S:Body>
          <ns2:completeOnlineCollectionWithDetailsResponse xmlns:ns2="http://fms.treas.gov/services/tcsonline_3_1">
            <completeOnlineCollectionWithDetailsResponse>
              <paygov_tracking_id>211d8c91c046404fb159b52d042a12ba</paygov_tracking_id>
              <agency_tracking_id>agency-tracking-token</agency_tracking_id>
              <transaction_amount>150.00</transaction_amount>
              <transaction_type>Sale</transaction_type>
              <transaction_date>2023-09-18T10:54:05</transaction_date>
              <payment_date>2023-09-19</payment_date>
              <transaction_status>Success</transaction_status>
              <payment_type>PLASTIC_CARD</payment_type>
            </completeOnlineCollectionWithDetailsResponse>
          </ns2:completeOnlineCollectionWithDetailsResponse>
        </S:Body>
      </S:Envelope>

      at Object.<anonymous> (src/entities/SoapRequest.ts:74:13)

    console.log
      processPayment result {
        paygov_tracking_id: '211d8c91c046404fb159b52d042a12ba',
        agency_tracking_id: 'agency-tracking-token',
        transaction_amount: 150,
        transaction_date: '2023-09-18T10:54:05',
        payment_date: '2023-09-19',
        transaction_status: 'Success',
        payment_type: 'PLASTIC_CARD'
      }

      at src/useCases/processPayment.ts:82:13

    console.log
      processPayment request CompleteOnlineCollectionWithDetailsRequest {
        tcsAppId: 'TCSUSTAXCOURTPETITION',
        requestType: 'completeOnlineCollectionWithDetails',
        makeSoapRequest: [Function (anonymous)],
        useHttp: [Function (anonymous)],
        handleFault: [Function (anonymous)],
        token: 'mock-token'
      }

      at src/useCases/processPayment.ts:77:11

    console.log
      makeRequest <soapenv:Envelope xmlns:tcs="http://fms.treas.gov/services/tcsonline_3_3" xmlns:soapenv="http://schemas.xmlsoap.org/soap/envelope/">
        <soapenv:Header></soapenv:Header>
        <soapenv:Body>
          <tcs:completeOnlineCollectionWithDetails>
            <completeOnlineCollectionWithDetailsRequest>
              <tcs_app_id>TCSUSTAXCOURTPETITION</tcs_app_id>
              <token>mock-token</token>
            </completeOnlineCollectionWithDetailsRequest>
          </tcs:completeOnlineCollectionWithDetails>
        </soapenv:Body>
      </soapenv:Envelope>

      at Object.<anonymous> (src/entities/SoapRequest.ts:72:13)

    console.log
      makeRequest <?xml version="1.0" encoding="UTF-8"?>
        <S:Envelope xmlns:S="http://schemas.xmlsoap.org/soap/envelope/">
        <S:Header>
          <WorkContext xmlns="http://oracle.com/weblogic/soap/workarea/">blah=</WorkContext>
        </S:Header>
        <S:Body>
          <S:Fault xmlns:ns4="http://www.w3.org/2003/05/soap-envelope">
            <faultcode>S:Server</faultcode>
            <faultstring>TCS Error</faultstring>
            <detail>
              <ns2:TCSServiceFault xmlns:ns2="http://fms.treas.gov/services/tcsonline_3_1">
                <return_code>3001</return_code>
                <return_detail>The card has been declined, the transaction will not be processed.</return_detail>
              </ns2:TCSServiceFault>
            </detail>
          </S:Fault>
        </S:Body>
      </S:Envelope>

      at Object.<anonymous> (src/entities/SoapRequest.ts:74:13)

    console.log
      processPayment request CompleteOnlineCollectionWithDetailsRequest {
        tcsAppId: 'TCSUSTAXCOURTPETITION',
        requestType: 'completeOnlineCollectionWithDetails',
        makeSoapRequest: [Function (anonymous)],
        useHttp: [Function (anonymous)],
        handleFault: [Function (anonymous)],
        token: 'mock-token'
      }

      at src/useCases/processPayment.ts:77:11

    console.log
      makeRequest <soapenv:Envelope xmlns:tcs="http://fms.treas.gov/services/tcsonline_3_3" xmlns:soapenv="http://schemas.xmlsoap.org/soap/envelope/">
        <soapenv:Header></soapenv:Header>
        <soapenv:Body>
          <tcs:completeOnlineCollectionWithDetails>
            <completeOnlineCollectionWithDetailsRequest>
              <tcs_app_id>TCSUSTAXCOURTPETITION</tcs_app_id>
              <token>mock-token</token>
            </completeOnlineCollectionWithDetailsRequest>
          </tcs:completeOnlineCollectionWithDetails>
        </soapenv:Body>
      </soapenv:Envelope>

      at Object.<anonymous> (src/entities/SoapRequest.ts:72:13)

    console.log
      makeRequest <?xml version="1.0" encoding="UTF-8"?>
        <S:Envelope xmlns:S="http://schemas.xmlsoap.org/soap/envelope/">
        <S:Header>
          <WorkContext xmlns="http://oracle.com/weblogic/soap/workarea/">blah=</WorkContext>
        </S:Header>
        <S:Body>
          <S:Fault xmlns:ns4="http://www.w3.org/2003/05/soap-envelope">
            <faultcode>S:Server</faultcode>
            <faultstring>TCS Error</faultstring>
            <detail>
              <ns2:TCSServiceFault xmlns:ns2="http://fms.treas.gov/services/tcsonline_3_1">
                <return_code>3001</return_code>
                <return_detail>The card has been declined, the transaction will not be processed.</return_detail>
              </ns2:TCSServiceFault>
            </detail>
          </S:Fault>
        </S:Body>
      </S:Envelope>

      at Object.<anonymous> (src/entities/SoapRequest.ts:74:13)

    console.log
      processPayment request CompleteOnlineCollectionWithDetailsRequest {
        tcsAppId: 'TCSUSTAXCOURTPETITION',
        requestType: 'completeOnlineCollectionWithDetails',
        makeSoapRequest: [Function (anonymous)],
        useHttp: [Function (anonymous)],
        handleFault: [Function (anonymous)],
        token: 'mock-token'
      }

      at src/useCases/processPayment.ts:77:11

    console.log
      makeRequest <soapenv:Envelope xmlns:tcs="http://fms.treas.gov/services/tcsonline_3_3" xmlns:soapenv="http://schemas.xmlsoap.org/soap/envelope/">
        <soapenv:Header></soapenv:Header>
        <soapenv:Body>
          <tcs:completeOnlineCollectionWithDetails>
            <completeOnlineCollectionWithDetailsRequest>
              <tcs_app_id>TCSUSTAXCOURTPETITION</tcs_app_id>
              <token>mock-token</token>
            </completeOnlineCollectionWithDetailsRequest>
          </tcs:completeOnlineCollectionWithDetails>
        </soapenv:Body>
      </soapenv:Envelope>

      at Object.<anonymous> (src/entities/SoapRequest.ts:72:13)

    console.log
      makeRequest <?xml version="1.0" encoding="UTF-8"?>
        <S:Envelope xmlns:S="http://schemas.xmlsoap.org/soap/envelope/">
        <S:Header>
          <WorkContext xmlns="http://oracle.com/weblogic/soap/workarea/">blah=</WorkContext>
        </S:Header>
        <S:Body>
          <S:Fault xmlns:ns4="http://www.w3.org/2003/05/soap-envelope">
            <faultcode>S:Server</faultcode>
            <faultstring>TCS Error</faultstring>
            <detail>
              <ns2:TCSServiceFault xmlns:ns2="http://fms.treas.gov/services/tcsonline_3_1">
                <return_code>3001</return_code>
                <return_detail>The card has been declined, the transaction will not be processed.</return_detail>
              </ns2:TCSServiceFault>
            </detail>
          </S:Fault>
        </S:Body>
      </S:Envelope>

      at Object.<anonymous> (src/entities/SoapRequest.ts:74:13)

    console.log
      processPayment request CompleteOnlineCollectionWithDetailsRequest {
        tcsAppId: 'TCSUSTAXCOURTPETITION',
        requestType: 'completeOnlineCollectionWithDetails',
        makeSoapRequest: [Function (anonymous)],
        useHttp: [Function (anonymous)],
        handleFault: [Function (anonymous)],
        token: 'mock-token'
      }

      at src/useCases/processPayment.ts:77:11

    console.log
      makeRequest <soapenv:Envelope xmlns:tcs="http://fms.treas.gov/services/tcsonline_3_3" xmlns:soapenv="http://schemas.xmlsoap.org/soap/envelope/">
        <soapenv:Header></soapenv:Header>
        <soapenv:Body>
          <tcs:completeOnlineCollectionWithDetails>
            <completeOnlineCollectionWithDetailsRequest>
              <tcs_app_id>TCSUSTAXCOURTPETITION</tcs_app_id>
              <token>mock-token</token>
            </completeOnlineCollectionWithDetailsRequest>
          </tcs:completeOnlineCollectionWithDetails>
        </soapenv:Body>
      </soapenv:Envelope>

      at Object.<anonymous> (src/entities/SoapRequest.ts:72:13)

    console.log
      makeRequest <?xml version="1.0" encoding="UTF-8"?>
        <S:Envelope xmlns:S="http://schemas.xmlsoap.org/soap/envelope/">
        <S:Header>
          <WorkContext xmlns="http://oracle.com/weblogic/soap/workarea/">blah=</WorkContext>
        </S:Header>
        <S:Body>
          <S:Fault xmlns:ns4="http://www.w3.org/2003/05/soap-envelope">
            <faultcode>S:Server</faultcode>
            <faultstring>TCS Error</faultstring>
            <detail>
              <ns2:TCSServiceFault xmlns:ns2="http://fms.treas.gov/services/tcsonline_3_1">
                <return_code>3001</return_code>
                <return_detail>The card has been declined, the transaction will not be processed.</return_detail>
              </ns2:TCSServiceFault>
            </detail>
          </S:Fault>
        </S:Body>
      </S:Envelope>

      at Object.<anonymous> (src/entities/SoapRequest.ts:74:13)

    console.log
      processPayment request CompleteOnlineCollectionWithDetailsRequest {
        tcsAppId: 'TCSUSTAXCOURTPETITION',
        requestType: 'completeOnlineCollectionWithDetails',
        makeSoapRequest: [Function (anonymous)],
        useHttp: [Function (anonymous)],
        handleFault: [Function (anonymous)],
        token: 'mock-token'
      }

      at src/useCases/processPayment.ts:77:11

    console.log
      makeRequest <soapenv:Envelope xmlns:tcs="http://fms.treas.gov/services/tcsonline_3_3" xmlns:soapenv="http://schemas.xmlsoap.org/soap/envelope/">
        <soapenv:Header></soapenv:Header>
        <soapenv:Body>
          <tcs:completeOnlineCollectionWithDetails>
            <completeOnlineCollectionWithDetailsRequest>
              <tcs_app_id>TCSUSTAXCOURTPETITION</tcs_app_id>
              <token>mock-token</token>
            </completeOnlineCollectionWithDetailsRequest>
          </tcs:completeOnlineCollectionWithDetails>
        </soapenv:Body>
      </soapenv:Envelope>

      at Object.<anonymous> (src/entities/SoapRequest.ts:72:13)

    console.log
      makeRequest <?xml version="1.0" encoding="UTF-8"?>
      <S:Envelope xmlns:S="http://schemas.xmlsoap.org/soap/envelope/">
        <S:Header>
          <WorkContext xmlns="http://oracle.com/weblogic/soap/workarea/">blah=</WorkContext>
        </S:Header>
        <S:Body>
          <ns2:completeOnlineCollectionWithDetailsResponse xmlns:ns2="http://fms.treas.gov/services/tcsonline_3_1">
            <completeOnlineCollectionWithDetailsResponse>
              <paygov_tracking_id>211d8c91c046404fb159b52d042a12ba</paygov_tracking_id>
              <agency_tracking_id>agency-tracking-token</agency_tracking_id>
              <transaction_amount>150.00</transaction_amount>
              <transaction_type>Sale</transaction_type>
              <transaction_date>2023-09-18T10:54:05</transaction_date>
              <payment_date>2023-09-19</payment_date>
              <transaction_status>Received</transaction_status>
              <payment_type>ACH</payment_type>
            </completeOnlineCollectionWithDetailsResponse>
          </ns2:completeOnlineCollectionWithDetailsResponse>
        </S:Body>
      </S:Envelope>

      at Object.<anonymous> (src/entities/SoapRequest.ts:74:13)

    console.log
      processPayment result {
        paygov_tracking_id: '211d8c91c046404fb159b52d042a12ba',
        agency_tracking_id: 'agency-tracking-token',
        transaction_amount: 150,
        transaction_date: '2023-09-18T10:54:05',
        payment_date: '2023-09-19',
        transaction_status: 'Received',
        payment_type: 'ACH'
      }

      at src/useCases/processPayment.ts:82:13

    console.log
      processPayment request CompleteOnlineCollectionWithDetailsRequest {
        tcsAppId: 'TCSUSTAXCOURTPETITION',
        requestType: 'completeOnlineCollectionWithDetails',
        makeSoapRequest: [Function (anonymous)],
        useHttp: [Function (anonymous)],
        handleFault: [Function (anonymous)],
        token: 'mock-token'
      }

      at src/useCases/processPayment.ts:77:11

    console.log
      makeRequest <soapenv:Envelope xmlns:tcs="http://fms.treas.gov/services/tcsonline_3_3" xmlns:soapenv="http://schemas.xmlsoap.org/soap/envelope/">
        <soapenv:Header></soapenv:Header>
        <soapenv:Body>
          <tcs:completeOnlineCollectionWithDetails>
            <completeOnlineCollectionWithDetailsRequest>
              <tcs_app_id>TCSUSTAXCOURTPETITION</tcs_app_id>
              <token>mock-token</token>
            </completeOnlineCollectionWithDetailsRequest>
          </tcs:completeOnlineCollectionWithDetails>
        </soapenv:Body>
      </soapenv:Envelope>

      at Object.<anonymous> (src/entities/SoapRequest.ts:72:13)

    console.log
      makeRequest <?xml version="1.0" encoding="UTF-8"?>
      <S:Envelope xmlns:S="http://schemas.xmlsoap.org/soap/envelope/">
        <S:Header>
          <WorkContext xmlns="http://oracle.com/weblogic/soap/workarea/">blah=</WorkContext>
        </S:Header>
        <S:Body>
          <ns2:completeOnlineCollectionWithDetailsResponse xmlns:ns2="http://fms.treas.gov/services/tcsonline_3_1">
            <completeOnlineCollectionWithDetailsResponse>
              <paygov_tracking_id>211d8c91c046404fb159b52d042a12ba</paygov_tracking_id>
              <agency_tracking_id>agency-tracking-token</agency_tracking_id>
              <transaction_amount>150.00</transaction_amount>
              <transaction_type>Sale</transaction_type>
              <transaction_date>2023-09-18T10:54:05</transaction_date>
              <payment_date>2023-09-19</payment_date>
              <transaction_status>Received</transaction_status>
              <payment_type>ACH</payment_type>
            </completeOnlineCollectionWithDetailsResponse>
          </ns2:completeOnlineCollectionWithDetailsResponse>
        </S:Body>
      </S:Envelope>

      at Object.<anonymous> (src/entities/SoapRequest.ts:74:13)

    console.log
      processPayment result {
        paygov_tracking_id: '211d8c91c046404fb159b52d042a12ba',
        agency_tracking_id: 'agency-tracking-token',
        transaction_amount: 150,
        transaction_date: '2023-09-18T10:54:05',
        payment_date: '2023-09-19',
        transaction_status: 'Received',
        payment_type: 'ACH'
      }

      at src/useCases/processPayment.ts:82:13

    console.log
      processPayment request CompleteOnlineCollectionWithDetailsRequest {
        tcsAppId: 'TCSUSTAXCOURTPETITION',
        requestType: 'completeOnlineCollectionWithDetails',
        makeSoapRequest: [Function (anonymous)],
        useHttp: [Function (anonymous)],
        handleFault: [Function (anonymous)],
        token: 'mock-token'
      }

      at src/useCases/processPayment.ts:77:11

    console.log
      makeRequest <soapenv:Envelope xmlns:tcs="http://fms.treas.gov/services/tcsonline_3_3" xmlns:soapenv="http://schemas.xmlsoap.org/soap/envelope/">
        <soapenv:Header></soapenv:Header>
        <soapenv:Body>
          <tcs:completeOnlineCollectionWithDetails>
            <completeOnlineCollectionWithDetailsRequest>
              <tcs_app_id>TCSUSTAXCOURTPETITION</tcs_app_id>
              <token>mock-token</token>
            </completeOnlineCollectionWithDetailsRequest>
          </tcs:completeOnlineCollectionWithDetails>
        </soapenv:Body>
      </soapenv:Envelope>

      at Object.<anonymous> (src/entities/SoapRequest.ts:72:13)

    console.log
      makeRequest <?xml version="1.0" encoding="UTF-8"?>
      <S:Envelope xmlns:S="http://schemas.xmlsoap.org/soap/envelope/">
        <S:Header>
          <WorkContext xmlns="http://oracle.com/weblogic/soap/workarea/">blah=</WorkContext>
        </S:Header>
        <S:Body>
          <ns2:completeOnlineCollectionWithDetailsResponse xmlns:ns2="http://fms.treas.gov/services/tcsonline_3_1">
            <completeOnlineCollectionWithDetailsResponse>
              <paygov_tracking_id>211d8c91c046404fb159b52d042a12ba</paygov_tracking_id>
              <agency_tracking_id>agency-tracking-token</agency_tracking_id>
              <transaction_amount>150.00</transaction_amount>
              <transaction_type>Sale</transaction_type>
              <transaction_date>2023-09-18T10:54:05</transaction_date>
              <payment_date>2023-09-19</payment_date>
              <transaction_status>Received</transaction_status>
              <payment_type>ACH</payment_type>
            </completeOnlineCollectionWithDetailsResponse>
          </ns2:completeOnlineCollectionWithDetailsResponse>
        </S:Body>
      </S:Envelope>

      at Object.<anonymous> (src/entities/SoapRequest.ts:74:13)

    console.log
      processPayment result {
        paygov_tracking_id: '211d8c91c046404fb159b52d042a12ba',
        agency_tracking_id: 'agency-tracking-token',
        transaction_amount: 150,
        transaction_date: '2023-09-18T10:54:05',
        payment_date: '2023-09-19',
        transaction_status: 'Received',
        payment_type: 'ACH'
      }

      at src/useCases/processPayment.ts:82:13

    console.log
      processPayment request CompleteOnlineCollectionWithDetailsRequest {
        tcsAppId: 'TCSUSTAXCOURTPETITION',
        requestType: 'completeOnlineCollectionWithDetails',
        makeSoapRequest: [Function (anonymous)],
        useHttp: [Function (anonymous)],
        handleFault: [Function (anonymous)],
        token: 'mock-token'
      }

      at src/useCases/processPayment.ts:77:11

    console.log
      makeRequest <soapenv:Envelope xmlns:tcs="http://fms.treas.gov/services/tcsonline_3_3" xmlns:soapenv="http://schemas.xmlsoap.org/soap/envelope/">
        <soapenv:Header></soapenv:Header>
        <soapenv:Body>
          <tcs:completeOnlineCollectionWithDetails>
            <completeOnlineCollectionWithDetailsRequest>
              <tcs_app_id>TCSUSTAXCOURTPETITION</tcs_app_id>
              <token>mock-token</token>
            </completeOnlineCollectionWithDetailsRequest>
          </tcs:completeOnlineCollectionWithDetails>
        </soapenv:Body>
      </soapenv:Envelope>

      at Object.<anonymous> (src/entities/SoapRequest.ts:72:13)

    console.log
      makeRequest <?xml version="1.0" encoding="UTF-8"?>
        <S:Envelope xmlns:S="http://schemas.xmlsoap.org/soap/envelope/">
        <S:Header>
          <WorkContext xmlns="http://oracle.com/weblogic/soap/workarea/">blah=</WorkContext>
        </S:Header>
        <S:Body>
          <S:Fault xmlns:ns4="http://www.w3.org/2003/05/soap-envelope">
            <faultcode>S:Server</faultcode>
            <faultstring>TCS Error</faultstring>
          </S:Fault>
        </S:Body>
      </S:Envelope>

      at Object.<anonymous> (src/entities/SoapRequest.ts:74:13)

    console.log
      processPayment request CompleteOnlineCollectionWithDetailsRequest {
        tcsAppId: 'TCSUSTAXCOURTPETITION',
        requestType: 'completeOnlineCollectionWithDetails',
        makeSoapRequest: [Function (anonymous)],
        useHttp: [Function (anonymous)],
        handleFault: [Function (anonymous)],
        token: 'mock-token'
      }

      at src/useCases/processPayment.ts:77:11

    console.log
      makeRequest <soapenv:Envelope xmlns:tcs="http://fms.treas.gov/services/tcsonline_3_3" xmlns:soapenv="http://schemas.xmlsoap.org/soap/envelope/">
        <soapenv:Header></soapenv:Header>
        <soapenv:Body>
          <tcs:completeOnlineCollectionWithDetails>
            <completeOnlineCollectionWithDetailsRequest>
              <tcs_app_id>TCSUSTAXCOURTPETITION</tcs_app_id>
              <token>mock-token</token>
            </completeOnlineCollectionWithDetailsRequest>
          </tcs:completeOnlineCollectionWithDetails>
        </soapenv:Body>
      </soapenv:Envelope>

      at Object.<anonymous> (src/entities/SoapRequest.ts:72:13)

    console.log
      makeRequest <?xml version="1.0" encoding="UTF-8"?>
        <S:Envelope xmlns:S="http://schemas.xmlsoap.org/soap/envelope/">
        <S:Header>
          <WorkContext xmlns="http://oracle.com/weblogic/soap/workarea/">blah=</WorkContext>
        </S:Header>
        <S:Body>
          <S:Fault xmlns:ns4="http://www.w3.org/2003/05/soap-envelope">
            <faultcode>S:Server</faultcode>
            <faultstring>TCS Error</faultstring>
            <detail>
              <SomeOtherFault>Error</SomeOtherFault>
            </detail>
          </S:Fault>
        </S:Body>
      </S:Envelope>

      at Object.<anonymous> (src/entities/SoapRequest.ts:74:13)

    console.log
      processPayment request CompleteOnlineCollectionWithDetailsRequest {
        tcsAppId: 'TCSUSTAXCOURTPETITION',
        requestType: 'completeOnlineCollectionWithDetails',
        makeSoapRequest: [Function (anonymous)],
        useHttp: [Function (anonymous)],
        handleFault: [Function (anonymous)],
        token: 'mock-token'
      }

      at src/useCases/processPayment.ts:77:11

    console.log
      makeRequest <soapenv:Envelope xmlns:tcs="http://fms.treas.gov/services/tcsonline_3_3" xmlns:soapenv="http://schemas.xmlsoap.org/soap/envelope/">
        <soapenv:Header></soapenv:Header>
        <soapenv:Body>
          <tcs:completeOnlineCollectionWithDetails>
            <completeOnlineCollectionWithDetailsRequest>
              <tcs_app_id>TCSUSTAXCOURTPETITION</tcs_app_id>
              <token>mock-token</token>
            </completeOnlineCollectionWithDetailsRequest>
          </tcs:completeOnlineCollectionWithDetails>
        </soapenv:Body>
      </soapenv:Envelope>

      at Object.<anonymous> (src/entities/SoapRequest.ts:72:13)

    console.log
      makeRequest <?xml version="1.0" encoding="UTF-8"?>
        <S:Envelope xmlns:S="http://schemas.xmlsoap.org/soap/envelope/">
        <S:Header>
          <WorkContext xmlns="http://oracle.com/weblogic/soap/workarea/">blah=</WorkContext>
        </S:Header>
        <S:Body>
          <S:Fault xmlns:ns4="http://www.w3.org/2003/05/soap-envelope">
            <faultcode>S:Server</faultcode>
            <faultstring>TCS Error</faultstring>
          </S:Fault>
        </S:Body>
      </S:Envelope>

      at Object.<anonymous> (src/entities/SoapRequest.ts:74:13)

PASS src/useCases/initPayment.test.ts
PASS src/clients/permissionsClient.test.ts
  ● Console

    console.error
      Failed to fetch client permissions from Secrets Manager SyntaxError: Unexpected token 'o', "not-valid-json" is not valid JSON
          at JSON.parse (<anonymous>)
          at /Users/Franz.Tanglao.ctr/GitHub/ustc-payment-portal/src/clients/permissionsClient.ts:67:50
          at Generator.next (<anonymous>)
          at fulfilled (/Users/Franz.Tanglao.ctr/GitHub/ustc-payment-portal/src/clients/permissionsClient.ts:5:58)

      90 |     return permissions;
      91 |   } catch (error) {
    > 92 |     console.error(
         |             ^
      93 |       "Failed to fetch client permissions from Secrets Manager",
      94 |       error,
      95 |     );

      at src/clients/permissionsClient.ts:92:13
      at fulfilled (src/clients/permissionsClient.ts:5:58)

    console.error
      Failed to fetch client permissions from Secrets Manager SyntaxError: "undefined" is not valid JSON
          at JSON.parse (<anonymous>)
          at /Users/Franz.Tanglao.ctr/GitHub/ustc-payment-portal/src/clients/permissionsClient.ts:67:50
          at Generator.next (<anonymous>)
          at fulfilled (/Users/Franz.Tanglao.ctr/GitHub/ustc-payment-portal/src/clients/permissionsClient.ts:5:58)

      90 |     return permissions;
      91 |   } catch (error) {
    > 92 |     console.error(
         |             ^
      93 |       "Failed to fetch client permissions from Secrets Manager",
      94 |       error,
      95 |     );

      at src/clients/permissionsClient.ts:92:13
      at fulfilled (src/clients/permissionsClient.ts:5:58)

    console.error
      Failed to fetch client permissions from Secrets Manager Error: Client permissions must be an array
          at /Users/Franz.Tanglao.ctr/GitHub/ustc-payment-portal/src/clients/permissionsClient.ts:71:13
          at Generator.next (<anonymous>)
          at fulfilled (/Users/Franz.Tanglao.ctr/GitHub/ustc-payment-portal/src/clients/permissionsClient.ts:5:58)

      90 |     return permissions;
      91 |   } catch (error) {
    > 92 |     console.error(
         |             ^
      93 |       "Failed to fetch client permissions from Secrets Manager",
      94 |       error,
      95 |     );

      at src/clients/permissionsClient.ts:92:13
      at fulfilled (src/clients/permissionsClient.ts:5:58)

    console.error
      Failed to fetch client permissions from Secrets Manager Error: Invalid client permission structure
          at /Users/Franz.Tanglao.ctr/GitHub/ustc-payment-portal/src/clients/permissionsClient.ts:80:15
          at Generator.next (<anonymous>)
          at fulfilled (/Users/Franz.Tanglao.ctr/GitHub/ustc-payment-portal/src/clients/permissionsClient.ts:5:58)

      90 |     return permissions;
      91 |   } catch (error) {
    > 92 |     console.error(
         |             ^
      93 |       "Failed to fetch client permissions from Secrets Manager",
      94 |       error,
      95 |     );

      at src/clients/permissionsClient.ts:92:13
      at fulfilled (src/clients/permissionsClient.ts:5:58)

    console.error
      Failed to fetch client permissions from Secrets Manager Error: AWS error
          at /Users/Franz.Tanglao.ctr/GitHub/ustc-payment-portal/src/clients/permissionsClient.test.ts:105:49
          at Generator.next (<anonymous>)
          at /Users/Franz.Tanglao.ctr/GitHub/ustc-payment-portal/src/clients/permissionsClient.test.ts:8:71
          at new Promise (<anonymous>)
          at __awaiter (/Users/Franz.Tanglao.ctr/GitHub/ustc-payment-portal/src/clients/permissionsClient.test.ts:4:12)
          at Object.<anonymous> (/Users/Franz.Tanglao.ctr/GitHub/ustc-payment-portal/src/clients/permissionsClient.test.ts:104:73)
          at Promise.finally.completed (/Users/Franz.Tanglao.ctr/GitHub/ustc-payment-portal/node_modules/jest-circus/build/jestAdapterInit.js:1557:28)
          at new Promise (<anonymous>)
          at callAsyncCircusFn (/Users/Franz.Tanglao.ctr/GitHub/ustc-payment-portal/node_modules/jest-circus/build/jestAdapterInit.js:1497:10)
          at _callCircusTest (/Users/Franz.Tanglao.ctr/GitHub/ustc-payment-portal/node_modules/jest-circus/build/jestAdapterInit.js:1007:40)
          at _runTest (/Users/Franz.Tanglao.ctr/GitHub/ustc-payment-portal/node_modules/jest-circus/build/jestAdapterInit.js:947:3)
          at /Users/Franz.Tanglao.ctr/GitHub/ustc-payment-portal/node_modules/jest-circus/build/jestAdapterInit.js:849:7
          at _runTestsForDescribeBlock (/Users/Franz.Tanglao.ctr/GitHub/ustc-payment-portal/node_modules/jest-circus/build/jestAdapterInit.js:862:11)
          at _runTestsForDescribeBlock (/Users/Franz.Tanglao.ctr/GitHub/ustc-payment-portal/node_modules/jest-circus/build/jestAdapterInit.js:857:11)
          at _runTestsForDescribeBlock (/Users/Franz.Tanglao.ctr/GitHub/ustc-payment-portal/node_modules/jest-circus/build/jestAdapterInit.js:857:11)
          at run (/Users/Franz.Tanglao.ctr/GitHub/ustc-payment-portal/node_modules/jest-circus/build/jestAdapterInit.js:761:3)
          at runAndTransformResultsToJestFormat (/Users/Franz.Tanglao.ctr/GitHub/ustc-payment-portal/node_modules/jest-circus/build/jestAdapterInit.js:1918:21)
          at jestAdapter (/Users/Franz.Tanglao.ctr/GitHub/ustc-payment-portal/node_modules/jest-circus/build/runner.js:101:19)
          at runTestInternal (/Users/Franz.Tanglao.ctr/GitHub/ustc-payment-portal/node_modules/jest-runner/build/index.js:275:16)
          at runTest (/Users/Franz.Tanglao.ctr/GitHub/ustc-payment-portal/node_modules/jest-runner/build/index.js:343:7)

      90 |     return permissions;
      91 |   } catch (error) {
    > 92 |     console.error(
         |             ^
      93 |       "Failed to fetch client permissions from Secrets Manager",
      94 |       error,
      95 |     );

      at src/clients/permissionsClient.ts:92:13
          at Generator.throw (<anonymous>)
      at rejected (src/clients/permissionsClient.ts:6:65)

PASS src/testCert.test.ts
  ● Console

    console.log
      {
        text: [Function: mockConstructor] {
          _isMockFunction: true,
          getMockImplementation: [Function (anonymous)],
          mock: [Getter/Setter],
          mockClear: [Function (anonymous)],
          mockReset: [Function (anonymous)],
          mockRestore: [Function (anonymous)],
          mockReturnValueOnce: [Function (anonymous)],
          mockResolvedValueOnce: [Function (anonymous)],
          mockRejectedValueOnce: [Function (anonymous)],
          mockReturnValue: [Function (anonymous)],
          mockResolvedValue: [Function (anonymous)],
          mockRejectedValue: [Function (anonymous)],
          mockImplementationOnce: [Function (anonymous)],
          withImplementation: [Function: bound withImplementation],
          mockImplementation: [Function (anonymous)],
          mockReturnThis: [Function (anonymous)],
          mockName: [Function (anonymous)],
          getMockName: [Function (anonymous)],
          Symbol(Symbol.dispose): [Function (anonymous)]
        }
      }

      at src/testCert.ts:31:13

    console.log
      {
        text: [Function: mockConstructor] {
          _isMockFunction: true,
          getMockImplementation: [Function (anonymous)],
          mock: [Getter/Setter],
          mockClear: [Function (anonymous)],
          mockReset: [Function (anonymous)],
          mockRestore: [Function (anonymous)],
          mockReturnValueOnce: [Function (anonymous)],
          mockResolvedValueOnce: [Function (anonymous)],
          mockRejectedValueOnce: [Function (anonymous)],
          mockReturnValue: [Function (anonymous)],
          mockResolvedValue: [Function (anonymous)],
          mockRejectedValue: [Function (anonymous)],
          mockImplementationOnce: [Function (anonymous)],
          withImplementation: [Function: bound withImplementation],
          mockImplementation: [Function (anonymous)],
          mockReturnThis: [Function (anonymous)],
          mockName: [Function (anonymous)],
          getMockName: [Function (anonymous)],
          Symbol(Symbol.dispose): [Function (anonymous)]
        }
      }

      at src/testCert.ts:31:13

    console.log
      {
        text: [Function: mockConstructor] {
          _isMockFunction: true,
          getMockImplementation: [Function (anonymous)],
          mock: [Getter/Setter],
          mockClear: [Function (anonymous)],
          mockReset: [Function (anonymous)],
          mockRestore: [Function (anonymous)],
          mockReturnValueOnce: [Function (anonymous)],
          mockResolvedValueOnce: [Function (anonymous)],
          mockRejectedValueOnce: [Function (anonymous)],
          mockReturnValue: [Function (anonymous)],
          mockResolvedValue: [Function (anonymous)],
          mockRejectedValue: [Function (anonymous)],
          mockImplementationOnce: [Function (anonymous)],
          withImplementation: [Function: bound withImplementation],
          mockImplementation: [Function (anonymous)],
          mockReturnThis: [Function (anonymous)],
          mockName: [Function (anonymous)],
          getMockName: [Function (anonymous)],
          Symbol(Symbol.dispose): [Function (anonymous)]
        }
      }

      at src/testCert.ts:31:13

    console.log
      Error: Network error
          at /Users/Franz.Tanglao.ctr/GitHub/ustc-payment-portal/src/testCert.test.ts:85:33
          at Generator.next (<anonymous>)
          at /Users/Franz.Tanglao.ctr/GitHub/ustc-payment-portal/src/testCert.test.ts:8:71
          at new Promise (<anonymous>)
          at __awaiter (/Users/Franz.Tanglao.ctr/GitHub/ustc-payment-portal/src/testCert.test.ts:4:12)
          at Object.<anonymous> (/Users/Franz.Tanglao.ctr/GitHub/ustc-payment-portal/src/testCert.test.ts:84:68)
          at Promise.finally.completed (/Users/Franz.Tanglao.ctr/GitHub/ustc-payment-portal/node_modules/jest-circus/build/jestAdapterInit.js:1557:28)
          at new Promise (<anonymous>)
          at callAsyncCircusFn (/Users/Franz.Tanglao.ctr/GitHub/ustc-payment-portal/node_modules/jest-circus/build/jestAdapterInit.js:1497:10)
          at _callCircusTest (/Users/Franz.Tanglao.ctr/GitHub/ustc-payment-portal/node_modules/jest-circus/build/jestAdapterInit.js:1007:40)
          at _runTest (/Users/Franz.Tanglao.ctr/GitHub/ustc-payment-portal/node_modules/jest-circus/build/jestAdapterInit.js:947:3)
          at /Users/Franz.Tanglao.ctr/GitHub/ustc-payment-portal/node_modules/jest-circus/build/jestAdapterInit.js:849:7
          at _runTestsForDescribeBlock (/Users/Franz.Tanglao.ctr/GitHub/ustc-payment-portal/node_modules/jest-circus/build/jestAdapterInit.js:862:11)
          at _runTestsForDescribeBlock (/Users/Franz.Tanglao.ctr/GitHub/ustc-payment-portal/node_modules/jest-circus/build/jestAdapterInit.js:857:11)
          at run (/Users/Franz.Tanglao.ctr/GitHub/ustc-payment-portal/node_modules/jest-circus/build/jestAdapterInit.js:761:3)
          at runAndTransformResultsToJestFormat (/Users/Franz.Tanglao.ctr/GitHub/ustc-payment-portal/node_modules/jest-circus/build/jestAdapterInit.js:1918:21)
          at jestAdapter (/Users/Franz.Tanglao.ctr/GitHub/ustc-payment-portal/node_modules/jest-circus/build/runner.js:101:19)
          at runTestInternal (/Users/Franz.Tanglao.ctr/GitHub/ustc-payment-portal/node_modules/jest-runner/build/index.js:275:16)
          at runTest (/Users/Franz.Tanglao.ctr/GitHub/ustc-payment-portal/node_modules/jest-runner/build/index.js:343:7)

      at src/testCert.ts:39:13
          at Generator.throw (<anonymous>)

    console.log
      {
        text: [Function: mockConstructor] {
          _isMockFunction: true,
          getMockImplementation: [Function (anonymous)],
          mock: [Getter/Setter],
          mockClear: [Function (anonymous)],
          mockReset: [Function (anonymous)],
          mockRestore: [Function (anonymous)],
          mockReturnValueOnce: [Function (anonymous)],
          mockResolvedValueOnce: [Function (anonymous)],
          mockRejectedValueOnce: [Function (anonymous)],
          mockReturnValue: [Function (anonymous)],
          mockResolvedValue: [Function (anonymous)],
          mockRejectedValue: [Function (anonymous)],
          mockImplementationOnce: [Function (anonymous)],
          withImplementation: [Function: bound withImplementation],
          mockImplementation: [Function (anonymous)],
          mockReturnThis: [Function (anonymous)],
          mockName: [Function (anonymous)],
          getMockName: [Function (anonymous)],
          Symbol(Symbol.dispose): [Function (anonymous)]
        }
      }

      at src/testCert.ts:31:13

    console.log
      Error: Failed to read response
          at /Users/Franz.Tanglao.ctr/GitHub/ustc-payment-portal/src/testCert.test.ts:95:41
          at Generator.next (<anonymous>)
          at /Users/Franz.Tanglao.ctr/GitHub/ustc-payment-portal/src/testCert.test.ts:8:71
          at new Promise (<anonymous>)
          at __awaiter (/Users/Franz.Tanglao.ctr/GitHub/ustc-payment-portal/src/testCert.test.ts:4:12)
          at Object.<anonymous> (/Users/Franz.Tanglao.ctr/GitHub/ustc-payment-portal/src/testCert.test.ts:93:57)
          at Promise.finally.completed (/Users/Franz.Tanglao.ctr/GitHub/ustc-payment-portal/node_modules/jest-circus/build/jestAdapterInit.js:1557:28)
          at new Promise (<anonymous>)
          at callAsyncCircusFn (/Users/Franz.Tanglao.ctr/GitHub/ustc-payment-portal/node_modules/jest-circus/build/jestAdapterInit.js:1497:10)
          at _callCircusTest (/Users/Franz.Tanglao.ctr/GitHub/ustc-payment-portal/node_modules/jest-circus/build/jestAdapterInit.js:1007:40)
          at _runTest (/Users/Franz.Tanglao.ctr/GitHub/ustc-payment-portal/node_modules/jest-circus/build/jestAdapterInit.js:947:3)
          at /Users/Franz.Tanglao.ctr/GitHub/ustc-payment-portal/node_modules/jest-circus/build/jestAdapterInit.js:849:7
          at _runTestsForDescribeBlock (/Users/Franz.Tanglao.ctr/GitHub/ustc-payment-portal/node_modules/jest-circus/build/jestAdapterInit.js:862:11)
          at _runTestsForDescribeBlock (/Users/Franz.Tanglao.ctr/GitHub/ustc-payment-portal/node_modules/jest-circus/build/jestAdapterInit.js:857:11)
          at run (/Users/Franz.Tanglao.ctr/GitHub/ustc-payment-portal/node_modules/jest-circus/build/jestAdapterInit.js:761:3)
          at runAndTransformResultsToJestFormat (/Users/Franz.Tanglao.ctr/GitHub/ustc-payment-portal/node_modules/jest-circus/build/jestAdapterInit.js:1918:21)
          at jestAdapter (/Users/Franz.Tanglao.ctr/GitHub/ustc-payment-portal/node_modules/jest-circus/build/runner.js:101:19)
          at runTestInternal (/Users/Franz.Tanglao.ctr/GitHub/ustc-payment-portal/node_modules/jest-runner/build/index.js:275:16)
          at runTest (/Users/Franz.Tanglao.ctr/GitHub/ustc-payment-portal/node_modules/jest-runner/build/index.js:343:7)

      at src/testCert.ts:39:13
          at Generator.throw (<anonymous>)

    console.log
      Error: Request timeout
          at /Users/Franz.Tanglao.ctr/GitHub/ustc-payment-portal/src/testCert.test.ts:105:33
          at Generator.next (<anonymous>)
          at /Users/Franz.Tanglao.ctr/GitHub/ustc-payment-portal/src/testCert.test.ts:8:71
          at new Promise (<anonymous>)
          at __awaiter (/Users/Franz.Tanglao.ctr/GitHub/ustc-payment-portal/src/testCert.test.ts:4:12)
          at Object.<anonymous> (/Users/Franz.Tanglao.ctr/GitHub/ustc-payment-portal/src/testCert.test.ts:104:54)
          at Promise.finally.completed (/Users/Franz.Tanglao.ctr/GitHub/ustc-payment-portal/node_modules/jest-circus/build/jestAdapterInit.js:1557:28)
          at new Promise (<anonymous>)
          at callAsyncCircusFn (/Users/Franz.Tanglao.ctr/GitHub/ustc-payment-portal/node_modules/jest-circus/build/jestAdapterInit.js:1497:10)
          at _callCircusTest (/Users/Franz.Tanglao.ctr/GitHub/ustc-payment-portal/node_modules/jest-circus/build/jestAdapterInit.js:1007:40)
          at _runTest (/Users/Franz.Tanglao.ctr/GitHub/ustc-payment-portal/node_modules/jest-circus/build/jestAdapterInit.js:947:3)
          at /Users/Franz.Tanglao.ctr/GitHub/ustc-payment-portal/node_modules/jest-circus/build/jestAdapterInit.js:849:7
          at _runTestsForDescribeBlock (/Users/Franz.Tanglao.ctr/GitHub/ustc-payment-portal/node_modules/jest-circus/build/jestAdapterInit.js:862:11)
          at _runTestsForDescribeBlock (/Users/Franz.Tanglao.ctr/GitHub/ustc-payment-portal/node_modules/jest-circus/build/jestAdapterInit.js:857:11)
          at run (/Users/Franz.Tanglao.ctr/GitHub/ustc-payment-portal/node_modules/jest-circus/build/jestAdapterInit.js:761:3)
          at runAndTransformResultsToJestFormat (/Users/Franz.Tanglao.ctr/GitHub/ustc-payment-portal/node_modules/jest-circus/build/jestAdapterInit.js:1918:21)
          at jestAdapter (/Users/Franz.Tanglao.ctr/GitHub/ustc-payment-portal/node_modules/jest-circus/build/runner.js:101:19)
          at runTestInternal (/Users/Franz.Tanglao.ctr/GitHub/ustc-payment-portal/node_modules/jest-runner/build/index.js:275:16)
          at runTest (/Users/Franz.Tanglao.ctr/GitHub/ustc-payment-portal/node_modules/jest-runner/build/index.js:343:7)

      at src/testCert.ts:39:13
          at Generator.throw (<anonymous>)

    console.log
      Error: unable to verify the first certificate
          at /Users/Franz.Tanglao.ctr/GitHub/ustc-payment-portal/src/testCert.test.ts:115:7
          at Generator.next (<anonymous>)
          at /Users/Franz.Tanglao.ctr/GitHub/ustc-payment-portal/src/testCert.test.ts:8:71
          at new Promise (<anonymous>)
          at __awaiter (/Users/Franz.Tanglao.ctr/GitHub/ustc-payment-portal/src/testCert.test.ts:4:12)
          at Object.<anonymous> (/Users/Franz.Tanglao.ctr/GitHub/ustc-payment-portal/src/testCert.test.ts:113:51)
          at Promise.finally.completed (/Users/Franz.Tanglao.ctr/GitHub/ustc-payment-portal/node_modules/jest-circus/build/jestAdapterInit.js:1557:28)
          at new Promise (<anonymous>)
          at callAsyncCircusFn (/Users/Franz.Tanglao.ctr/GitHub/ustc-payment-portal/node_modules/jest-circus/build/jestAdapterInit.js:1497:10)
          at _callCircusTest (/Users/Franz.Tanglao.ctr/GitHub/ustc-payment-portal/node_modules/jest-circus/build/jestAdapterInit.js:1007:40)
          at _runTest (/Users/Franz.Tanglao.ctr/GitHub/ustc-payment-portal/node_modules/jest-circus/build/jestAdapterInit.js:947:3)
          at /Users/Franz.Tanglao.ctr/GitHub/ustc-payment-portal/node_modules/jest-circus/build/jestAdapterInit.js:849:7
          at _runTestsForDescribeBlock (/Users/Franz.Tanglao.ctr/GitHub/ustc-payment-portal/node_modules/jest-circus/build/jestAdapterInit.js:862:11)
          at _runTestsForDescribeBlock (/Users/Franz.Tanglao.ctr/GitHub/ustc-payment-portal/node_modules/jest-circus/build/jestAdapterInit.js:857:11)
          at run (/Users/Franz.Tanglao.ctr/GitHub/ustc-payment-portal/node_modules/jest-circus/build/jestAdapterInit.js:761:3)
          at runAndTransformResultsToJestFormat (/Users/Franz.Tanglao.ctr/GitHub/ustc-payment-portal/node_modules/jest-circus/build/jestAdapterInit.js:1918:21)
          at jestAdapter (/Users/Franz.Tanglao.ctr/GitHub/ustc-payment-portal/node_modules/jest-circus/build/runner.js:101:19)
          at runTestInternal (/Users/Franz.Tanglao.ctr/GitHub/ustc-payment-portal/node_modules/jest-runner/build/index.js:275:16)
          at runTest (/Users/Franz.Tanglao.ctr/GitHub/ustc-payment-portal/node_modules/jest-runner/build/index.js:343:7)

      at src/testCert.ts:39:13
          at Generator.throw (<anonymous>)

    console.log
      {
        text: [Function: mockConstructor] {
          _isMockFunction: true,
          getMockImplementation: [Function (anonymous)],
          mock: [Getter/Setter],
          mockClear: [Function (anonymous)],
          mockReset: [Function (anonymous)],
          mockRestore: [Function (anonymous)],
          mockReturnValueOnce: [Function (anonymous)],
          mockResolvedValueOnce: [Function (anonymous)],
          mockRejectedValueOnce: [Function (anonymous)],
          mockReturnValue: [Function (anonymous)],
          mockResolvedValue: [Function (anonymous)],
          mockRejectedValue: [Function (anonymous)],
          mockImplementationOnce: [Function (anonymous)],
          withImplementation: [Function: bound withImplementation],
          mockImplementation: [Function (anonymous)],
          mockReturnThis: [Function (anonymous)],
          mockName: [Function (anonymous)],
          getMockName: [Function (anonymous)],
          Symbol(Symbol.dispose): [Function (anonymous)]
        }
      }

      at src/testCert.ts:31:13

PASS src/entities/CompleteOnlineCollectionWithDetailsRequest.test.ts
  ● Console

    console.log
      makeRequest <soapenv:Envelope xmlns:tcs="http://fms.treas.gov/services/tcsonline_3_3" xmlns:soapenv="http://schemas.xmlsoap.org/soap/envelope/">
        <soapenv:Header></soapenv:Header>
        <soapenv:Body>
          <tcs:completeOnlineCollectionWithDetails>
            <completeOnlineCollectionWithDetailsRequest>
              <tcs_app_id>test-app-id</tcs_app_id>
              <token>test-token-12345</token>
            </completeOnlineCollectionWithDetailsRequest>
          </tcs:completeOnlineCollectionWithDetails>
        </soapenv:Body>
      </soapenv:Envelope>

      at Object.<anonymous> (src/entities/SoapRequest.ts:72:13)

    console.log
      makeRequest <?xml version="1.0" encoding="UTF-8"?>
      <S:Envelope xmlns:S="http://schemas.xmlsoap.org/soap/envelope/">
        <S:Body>
          <ns2:completeOnlineCollectionWithDetailsResponse xmlns:ns2="http://fms.treas.gov/services/tcsonline_3_1">
            <completeOnlineCollectionWithDetailsResponse>
              <paygov_tracking_id>test-tracking-id-12345</paygov_tracking_id>
              <transaction_status>Success</transaction_status>
              <agency_tracking_id>agency-tracking-token</agency_tracking_id>
              <transaction_amount>150.00</transaction_amount>
              <transaction_date>2023-09-18T10:54:05</transaction_date>
              <payment_date>2023-09-19</payment_date>
              <payment_type>PLASTIC_CARD</payment_type>
            </completeOnlineCollectionWithDetailsResponse>
          </ns2:completeOnlineCollectionWithDetailsResponse>
        </S:Body>
      </S:Envelope>

      at Object.<anonymous> (src/entities/SoapRequest.ts:74:13)

PASS src/parseRequestBody.test.ts
PASS src/handleError.test.ts
PASS src/authorizeClient.test.ts
PASS src/schemas/CompleteOnlineCollectionWithDetailsResponse.schema.test.ts
PASS src/extractCallerArn.test.ts
  ● Console

    console.log
      Local development mode: bypassing IAM authorization

      at extractCallerArn (src/extractCallerArn.ts:50:13)

PASS src/entities/GetDetailsRequest.test.ts
  ● Console

    console.log
      makeRequest <soapenv:Envelope xmlns:tcs="http://fms.treas.gov/services/tcsonline_3_3" xmlns:soapenv="http://schemas.xmlsoap.org/soap/envelope/">
        <soapenv:Header></soapenv:Header>
        <soapenv:Body>
          <tcs:getDetails>
            <getDetailsRequest>
              <tcs_app_id>test-app-id</tcs_app_id>
              <paygov_tracking_id>test-tracking-id-12345</paygov_tracking_id>
            </getDetailsRequest>
          </tcs:getDetails>
        </soapenv:Body>
      </soapenv:Envelope>

      at Object.<anonymous> (src/entities/SoapRequest.ts:72:13)

    console.log
      makeRequest <?xml version="1.0" encoding="UTF-8"?>
      <S:Envelope xmlns:S="http://schemas.xmlsoap.org/soap/envelope/">
        <S:Header>
          <WorkContext xmlns="http://oracle.com/weblogic/soap/workarea/">blah=</WorkContext>
        </S:Header>
        <S:Body>
          <ns2:getDetailsResponse xmlns:ns2="http://fms.treas.gov/services/tcsonline_3_1">
            <getDetailsResponse>
              <transactions>
                <transaction>
                  <paygov_tracking_id>test-tracking-id-12345</paygov_tracking_id>
                  <agency_tracking_id>agency-tracking-token</agency_tracking_id>
                  <transaction_amount>150.00</transaction_amount>
                  <transaction_status>Success</transaction_status>
                </transaction>
              </transactions>
            </getDetailsResponse>
          </ns2:getDetailsResponse>
        </S:Body>
      </S:Envelope>

      at Object.<anonymous> (src/entities/SoapRequest.ts:74:13)

    console.log
      getDetails api response {
        transactions: {
          transaction: {
            paygov_tracking_id: 'test-tracking-id-12345',
            agency_tracking_id: 'agency-tracking-token',
            transaction_amount: 150,
            transaction_status: 'Success',
            '#text': '\n            \n            \n            \n            \n          '
          },
          '#text': '\n          \n        '
        },
        '#text': '\n        \n      '
      }

      at GetRequestRequest.<anonymous> (src/entities/GetDetailsRequest.ts:63:13)

    console.log
      getDetails api response { transactions: [ { transaction: [Object] } ] }

      at GetRequestRequest.<anonymous> (src/entities/GetDetailsRequest.ts:63:13)

    console.log
      makeRequest <soapenv:Envelope xmlns:tcs="http://fms.treas.gov/services/tcsonline_3_3" xmlns:soapenv="http://schemas.xmlsoap.org/soap/envelope/">
        <soapenv:Header></soapenv:Header>
        <soapenv:Body>
          <tcs:getDetails>
            <getDetailsRequest>
              <tcs_app_id>test-app-id</tcs_app_id>
              <paygov_tracking_id> c8 1p RxKioqGSXbS7fb</paygov_tracking_id>
            </getDetailsRequest>
          </tcs:getDetails>
        </soapenv:Body>
      </soapenv:Envelope>

      at Object.<anonymous> (src/entities/SoapRequest.ts:72:13)

    console.log
      makeRequest <?xml version="1.0" encoding="UTF-8"?>
      <S:Envelope xmlns:S="http://schemas.xmlsoap.org/soap/envelope/">
        <S:Body>
          <ns2:getDetailsResponse xmlns:ns2="http://fms.treas.gov/services/tcsonline_3_1">
            <getDetailsResponse>
              <transactions>
                <transaction>
                  <paygov_tracking_id> c8 1p RxKioqGSXbS7fb</paygov_tracking_id>
                  <agency_tracking_id>agency-tracking-token</agency_tracking_id>
                  <transaction_amount>150.00</transaction_amount>
                  <transaction_status>Success</transaction_status>
                </transaction>
              </transactions>
            </getDetailsResponse>
          </ns2:getDetailsResponse>
        </S:Body>
      </S:Envelope>

      at Object.<anonymous> (src/entities/SoapRequest.ts:74:13)

    console.log
      getDetails api response {
        transactions: {
          transaction: {
            paygov_tracking_id: ' c8 1p RxKioqGSXbS7fb',
            agency_tracking_id: 'agency-tracking-token',
            transaction_amount: 150,
            transaction_status: 'Success',
            '#text': '\n            \n            \n            \n            \n          '
          },
          '#text': '\n          \n        '
        },
        '#text': '\n        \n      '
      }

      at GetRequestRequest.<anonymous> (src/entities/GetDetailsRequest.ts:63:13)

    console.log
      makeRequest <soapenv:Envelope xmlns:tcs="http://fms.treas.gov/services/tcsonline_3_3" xmlns:soapenv="http://schemas.xmlsoap.org/soap/envelope/">
        <soapenv:Header></soapenv:Header>
        <soapenv:Body>
          <tcs:getDetails>
            <getDetailsRequest>
              <tcs_app_id>test-app-id</tcs_app_id>
              <paygov_tracking_id>HSNCQebgivrFhaTiSUTG </paygov_tracking_id>
            </getDetailsRequest>
          </tcs:getDetails>
        </soapenv:Body>
      </soapenv:Envelope>

      at Object.<anonymous> (src/entities/SoapRequest.ts:72:13)

    console.log
      makeRequest <?xml version="1.0" encoding="UTF-8"?>
      <S:Envelope xmlns:S="http://schemas.xmlsoap.org/soap/envelope/">
        <S:Body>
          <ns2:getDetailsResponse xmlns:ns2="http://fms.treas.gov/services/tcsonline_3_1">
            <getDetailsResponse>
              <transactions>
                <transaction>
                  <paygov_tracking_id>HSNCQebgivrFhaTiSUTG </paygov_tracking_id>
                  <agency_tracking_id>agency-tracking-token</agency_tracking_id>
                  <transaction_amount>150.00</transaction_amount>
                  <transaction_status>Success</transaction_status>
                </transaction>
              </transactions>
            </getDetailsResponse>
          </ns2:getDetailsResponse>
        </S:Body>
      </S:Envelope>

      at Object.<anonymous> (src/entities/SoapRequest.ts:74:13)

    console.log
      getDetails api response {
        transactions: {
          transaction: {
            paygov_tracking_id: 'HSNCQebgivrFhaTiSUTG ',
            agency_tracking_id: 'agency-tracking-token',
            transaction_amount: 150,
            transaction_status: 'Success',
            '#text': '\n            \n            \n            \n            \n          '
          },
          '#text': '\n          \n        '
        },
        '#text': '\n        \n      '
      }

      at GetRequestRequest.<anonymous> (src/entities/GetDetailsRequest.ts:63:13)

    console.log
      makeRequest <soapenv:Envelope xmlns:tcs="http://fms.treas.gov/services/tcsonline_3_3" xmlns:soapenv="http://schemas.xmlsoap.org/soap/envelope/">
        <soapenv:Header></soapenv:Header>
        <soapenv:Body>
          <tcs:getDetails>
            <getDetailsRequest>
              <tcs_app_id>test-app-id</tcs_app_id>
              <paygov_tracking_id>abc def ghi jkl mnop </paygov_tracking_id>
            </getDetailsRequest>
          </tcs:getDetails>
        </soapenv:Body>
      </soapenv:Envelope>

      at Object.<anonymous> (src/entities/SoapRequest.ts:72:13)

    console.log
      makeRequest <?xml version="1.0" encoding="UTF-8"?>
      <S:Envelope xmlns:S="http://schemas.xmlsoap.org/soap/envelope/">
        <S:Body>
          <ns2:getDetailsResponse xmlns:ns2="http://fms.treas.gov/services/tcsonline_3_1">
            <getDetailsResponse>
              <transactions>
                <transaction>
                  <paygov_tracking_id>abc def ghi jkl mnop </paygov_tracking_id>
                  <agency_tracking_id>agency-tracking-token</agency_tracking_id>
                  <transaction_amount>150.00</transaction_amount>
                  <transaction_status>Success</transaction_status>
                </transaction>
              </transactions>
            </getDetailsResponse>
          </ns2:getDetailsResponse>
        </S:Body>
      </S:Envelope>

      at Object.<anonymous> (src/entities/SoapRequest.ts:74:13)

    console.log
      getDetails api response {
        transactions: {
          transaction: {
            paygov_tracking_id: 'abc def ghi jkl mnop ',
            agency_tracking_id: 'agency-tracking-token',
            transaction_amount: 150,
            transaction_status: 'Success',
            '#text': '\n            \n            \n            \n            \n          '
          },
          '#text': '\n          \n        '
        },
        '#text': '\n        \n      '
      }

      at GetRequestRequest.<anonymous> (src/entities/GetDetailsRequest.ts:63:13)

    console.log
      getDetails api response { transactions: [] }

      at GetRequestRequest.<anonymous> (src/entities/GetDetailsRequest.ts:63:13)

PASS src/config/appEnv.test.ts
PASS src/utils/toApiPaymentMethod.test.ts
PASS src/useCases/parseTransactionStatus.test.ts
PASS src/clients/secretsClient.test.ts
PASS src/utils/toPaymentMethod.test.ts
PASS src/utils/generateTrackingId.test.ts
PASS src/utils/derivePaymentStatus.test.ts
PASS src/errors/serverError.test.ts
PASS src/errors/payGovError.test.ts
PASS src/errors/notFound.test.ts
PASS src/errors/invalidRequest.test.ts
PASS src/db/pgErrors.test.ts
PASS src/errors/gone.test.ts
PASS src/errors/forbidden.test.ts
PASS src/errors/conflict.test.ts
PASS src/useCases/getDetails.test.ts
  ● Console

    console.error
      Fee misconfigured for feeId 'PETITION_FILING_FEE' on transactionReferenceId '550e8400-e29b-41d4-a716-446655440000': fee row missing

      57 |     // Both branches indicate server-side data corruption: the FK prevents the first,
      58 |     // and tcsAppId is required for any Pay.gov interaction. Neither is a client fault.
    > 59 |     console.error(
         |             ^
      60 |       `Fee misconfigured for feeId '${
      61 |         allRows[0].feeId
      62 |       }' on transactionReferenceId '${transactionReferenceId}': ${

      at src/useCases/getDetails.ts:59:13
      at fulfilled (src/useCases/getDetails.ts:5:58)

    console.error
      Fee misconfigured for feeId 'PETITION_FILING_FEE' on transactionReferenceId '550e8400-e29b-41d4-a716-446655440000': tcsAppId missing

      57 |     // Both branches indicate server-side data corruption: the FK prevents the first,
      58 |     // and tcsAppId is required for any Pay.gov interaction. Neither is a client fault.
    > 59 |     console.error(
         |             ^
      60 |       `Fee misconfigured for feeId '${
      61 |         allRows[0].feeId
      62 |       }' on transactionReferenceId '${transactionReferenceId}': ${

      at src/useCases/getDetails.ts:59:13
      at fulfilled (src/useCases/getDetails.ts:5:58)

    console.log
      makeRequest <soapenv:Envelope xmlns:tcs="http://fms.treas.gov/services/tcsonline_3_3" xmlns:soapenv="http://schemas.xmlsoap.org/soap/envelope/">
        <soapenv:Header></soapenv:Header>
        <soapenv:Body>
          <tcs:getDetails>
            <getDetailsRequest>
              <tcs_app_id>TCSUSTAXCOURTPETITION</tcs_app_id>
              <paygov_tracking_id>TRK1234567890123456AB</paygov_tracking_id>
            </getDetailsRequest>
          </tcs:getDetails>
        </soapenv:Body>
      </soapenv:Envelope>

      at Object.<anonymous> (src/entities/SoapRequest.ts:72:13)
          at Array.map (<anonymous>)

    console.log
      makeRequest <?xml version="1.0" encoding="UTF-8"?>
      <S:Envelope xmlns:S="http://schemas.xmlsoap.org/soap/envelope/">
        <S:Body>
          <ns2:getDetailsResponse xmlns:ns2="http://fms.treas.gov/services/tcsonline_3_1">
            <getDetailsResponse>
              <transactions>
                <transaction>
                  <paygov_tracking_id>TRK1234567890123456AB</paygov_tracking_id>
                  <transaction_status>Received</transaction_status>
                </transaction>
              </transactions>
            </getDetailsResponse>
          </ns2:getDetailsResponse>
        </S:Body>
      </S:Envelope>

      at Object.<anonymous> (src/entities/SoapRequest.ts:74:13)

    console.log
      getDetails api response {
        transactions: {
          transaction: {
            paygov_tracking_id: 'TRK1234567890123456AB',
            transaction_status: 'Received',
            '#text': '\n            \n            \n          '
          },
          '#text': '\n          \n        '
        },
        '#text': '\n        \n      '
      }

      at GetRequestRequest.<anonymous> (src/entities/GetDetailsRequest.ts:63:13)

    console.log
      makeRequest <soapenv:Envelope xmlns:tcs="http://fms.treas.gov/services/tcsonline_3_3" xmlns:soapenv="http://schemas.xmlsoap.org/soap/envelope/">
        <soapenv:Header></soapenv:Header>
        <soapenv:Body>
          <tcs:getDetails>
            <getDetailsRequest>
              <tcs_app_id>TCSUSTAXCOURTPETITION</tcs_app_id>
              <paygov_tracking_id>TRK1234567890123456AB</paygov_tracking_id>
            </getDetailsRequest>
          </tcs:getDetails>
        </soapenv:Body>
      </soapenv:Envelope>

      at Object.<anonymous> (src/entities/SoapRequest.ts:72:13)
          at Array.map (<anonymous>)

    console.log
      makeRequest <?xml version="1.0" encoding="UTF-8"?>
      <S:Envelope xmlns:S="http://schemas.xmlsoap.org/soap/envelope/">
        <S:Body>
          <ns2:getDetailsResponse xmlns:ns2="http://fms.treas.gov/services/tcsonline_3_1">
            <getDetailsResponse>
              <transactions>
                <transaction>
                  <paygov_tracking_id>TRK1234567890123456AB</paygov_tracking_id>
                  <transaction_status>Received</transaction_status>
                </transaction>
              </transactions>
            </getDetailsResponse>
          </ns2:getDetailsResponse>
        </S:Body>
      </S:Envelope>

      at Object.<anonymous> (src/entities/SoapRequest.ts:74:13)

    console.log
      getDetails api response {
        transactions: {
          transaction: {
            paygov_tracking_id: 'TRK1234567890123456AB',
            transaction_status: 'Received',
            '#text': '\n            \n            \n          '
          },
          '#text': '\n          \n        '
        },
        '#text': '\n        \n      '
      }

      at GetRequestRequest.<anonymous> (src/entities/GetDetailsRequest.ts:63:13)

    console.log
      makeRequest <soapenv:Envelope xmlns:tcs="http://fms.treas.gov/services/tcsonline_3_3" xmlns:soapenv="http://schemas.xmlsoap.org/soap/envelope/">
        <soapenv:Header></soapenv:Header>
        <soapenv:Body>
          <tcs:getDetails>
            <getDetailsRequest>
              <tcs_app_id>TCSUSTAXCOURTPETITION</tcs_app_id>
              <paygov_tracking_id>TRK1234567890123456AB</paygov_tracking_id>
            </getDetailsRequest>
          </tcs:getDetails>
        </soapenv:Body>
      </soapenv:Envelope>

      at Object.<anonymous> (src/entities/SoapRequest.ts:72:13)
          at Array.map (<anonymous>)

    console.log
      makeRequest <?xml version="1.0" encoding="UTF-8"?>
      <S:Envelope xmlns:S="http://schemas.xmlsoap.org/soap/envelope/">
        <S:Body>
          <ns2:getDetailsResponse xmlns:ns2="http://fms.treas.gov/services/tcsonline_3_1">
            <getDetailsResponse>
              <transactions>
                <transaction>
                  <paygov_tracking_id>TRK1234567890123456AB</paygov_tracking_id>
                  <transaction_status>Received</transaction_status>
                </transaction>
              </transactions>
            </getDetailsResponse>
          </ns2:getDetailsResponse>
        </S:Body>
      </S:Envelope>

      at Object.<anonymous> (src/entities/SoapRequest.ts:74:13)

    console.log
      getDetails api response {
        transactions: {
          transaction: {
            paygov_tracking_id: 'TRK1234567890123456AB',
            transaction_status: 'Received',
            '#text': '\n            \n            \n          '
          },
          '#text': '\n          \n        '
        },
        '#text': '\n        \n      '
      }

      at GetRequestRequest.<anonymous> (src/entities/GetDetailsRequest.ts:63:13)

    console.log
      makeRequest <soapenv:Envelope xmlns:tcs="http://fms.treas.gov/services/tcsonline_3_3" xmlns:soapenv="http://schemas.xmlsoap.org/soap/envelope/">
        <soapenv:Header></soapenv:Header>
        <soapenv:Body>
          <tcs:getDetails>
            <getDetailsRequest>
              <tcs_app_id>TCSUSTAXCOURTPETITION</tcs_app_id>
              <paygov_tracking_id>TRK1234567890123456AB</paygov_tracking_id>
            </getDetailsRequest>
          </tcs:getDetails>
        </soapenv:Body>
      </soapenv:Envelope>

      at Object.<anonymous> (src/entities/SoapRequest.ts:72:13)
          at Array.map (<anonymous>)

    console.log
      makeRequest <soapenv:Envelope xmlns:tcs="http://fms.treas.gov/services/tcsonline_3_3" xmlns:soapenv="http://schemas.xmlsoap.org/soap/envelope/">
        <soapenv:Header></soapenv:Header>
        <soapenv:Body>
          <tcs:getDetails>
            <getDetailsRequest>
              <tcs_app_id>TCSUSTAXCOURTPETITION</tcs_app_id>
              <paygov_tracking_id>TRK1234567890123456AB</paygov_tracking_id>
            </getDetailsRequest>
          </tcs:getDetails>
        </soapenv:Body>
      </soapenv:Envelope>

      at Object.<anonymous> (src/entities/SoapRequest.ts:72:13)
          at Array.map (<anonymous>)

    console.log
      makeRequest <?xml version="1.0" encoding="UTF-8"?>
      <S:Envelope xmlns:S="http://schemas.xmlsoap.org/soap/envelope/">
        <S:Body>
          <ns2:getDetailsResponse xmlns:ns2="http://fms.treas.gov/services/tcsonline_3_1">
            <getDetailsResponse>
              <transactions>
                <transaction>
                  <paygov_tracking_id>TRK1234567890123456AB</paygov_tracking_id>
                  <transaction_status>Received</transaction_status>
                </transaction>
              </transactions>
            </getDetailsResponse>
          </ns2:getDetailsResponse>
        </S:Body>
      </S:Envelope>

      at Object.<anonymous> (src/entities/SoapRequest.ts:74:13)

    console.log
      getDetails api response {
        transactions: {
          transaction: {
            paygov_tracking_id: 'TRK1234567890123456AB',
            transaction_status: 'Received',
            '#text': '\n            \n            \n          '
          },
          '#text': '\n          \n        '
        },
        '#text': '\n        \n      '
      }

      at GetRequestRequest.<anonymous> (src/entities/GetDetailsRequest.ts:63:13)

    console.log
      makeRequest <soapenv:Envelope xmlns:tcs="http://fms.treas.gov/services/tcsonline_3_3" xmlns:soapenv="http://schemas.xmlsoap.org/soap/envelope/">
        <soapenv:Header></soapenv:Header>
        <soapenv:Body>
          <tcs:getDetails>
            <getDetailsRequest>
              <tcs_app_id>TCSUSTAXCOURTPETITION</tcs_app_id>
              <paygov_tracking_id>TRK1234567890123456AB</paygov_tracking_id>
            </getDetailsRequest>
          </tcs:getDetails>
        </soapenv:Body>
      </soapenv:Envelope>

      at Object.<anonymous> (src/entities/SoapRequest.ts:72:13)
          at Array.map (<anonymous>)

    console.log
      makeRequest <?xml version="1.0" encoding="UTF-8"?>
      <S:Envelope xmlns:S="http://schemas.xmlsoap.org/soap/envelope/">
        <S:Body>
          <ns2:getDetailsResponse xmlns:ns2="http://fms.treas.gov/services/tcsonline_3_1">
            <getDetailsResponse>
              <transactions>
                <transaction>
                  <paygov_tracking_id>TRK1234567890123456AB</paygov_tracking_id>
                  <transaction_status>Success</transaction_status>
                  <payment_type>ACH</payment_type>
                  <transaction_date>2026-01-15T10:30:00</transaction_date>
                  <payment_date>2026-01-16</payment_date>
                </transaction>
              </transactions>
            </getDetailsResponse>
          </ns2:getDetailsResponse>
        </S:Body>
      </S:Envelope>

      at Object.<anonymous> (src/entities/SoapRequest.ts:74:13)

    console.log
      getDetails api response {
        transactions: {
          transaction: {
            paygov_tracking_id: 'TRK1234567890123456AB',
            transaction_status: 'Success',
            payment_type: 'ACH',
            transaction_date: '2026-01-15T10:30:00',
            payment_date: '2026-01-16',
            '#text': '\n' +
              '            \n' +
              '            \n' +
              '            \n' +
              '            \n' +
              '            \n' +
              '          '
          },
          '#text': '\n          \n        '
        },
        '#text': '\n        \n      '
      }

      at GetRequestRequest.<anonymous> (src/entities/GetDetailsRequest.ts:63:13)

    console.log
      makeRequest <soapenv:Envelope xmlns:tcs="http://fms.treas.gov/services/tcsonline_3_3" xmlns:soapenv="http://schemas.xmlsoap.org/soap/envelope/">
        <soapenv:Header></soapenv:Header>
        <soapenv:Body>
          <tcs:getDetails>
            <getDetailsRequest>
              <tcs_app_id>TCSUSTAXCOURTPETITION</tcs_app_id>
              <paygov_tracking_id>TRK1234567890123456AB</paygov_tracking_id>
            </getDetailsRequest>
          </tcs:getDetails>
        </soapenv:Body>
      </soapenv:Envelope>

      at Object.<anonymous> (src/entities/SoapRequest.ts:72:13)
          at Array.map (<anonymous>)

    console.log
      makeRequest <?xml version="1.0" encoding="UTF-8"?>
      <S:Envelope xmlns:S="http://schemas.xmlsoap.org/soap/envelope/">
        <S:Body>
          <ns2:getDetailsResponse xmlns:ns2="http://fms.treas.gov/services/tcsonline_3_1">
            <getDetailsResponse>
              <transactions>
                <transaction>
                  <paygov_tracking_id>TRK1234567890123456AB</paygov_tracking_id>
                  <transaction_status>Success</transaction_status>
                  <payment_type>ACH</payment_type>
                  <transaction_date>2026-01-15T10:30:00</transaction_date>
                  <payment_date>2026-01-16</payment_date>
                </transaction>
              </transactions>
            </getDetailsResponse>
          </ns2:getDetailsResponse>
        </S:Body>
      </S:Envelope>

      at Object.<anonymous> (src/entities/SoapRequest.ts:74:13)

    console.log
      getDetails api response {
        transactions: {
          transaction: {
            paygov_tracking_id: 'TRK1234567890123456AB',
            transaction_status: 'Success',
            payment_type: 'ACH',
            transaction_date: '2026-01-15T10:30:00',
            payment_date: '2026-01-16',
            '#text': '\n' +
              '            \n' +
              '            \n' +
              '            \n' +
              '            \n' +
              '            \n' +
              '          '
          },
          '#text': '\n          \n        '
        },
        '#text': '\n        \n      '
      }

      at GetRequestRequest.<anonymous> (src/entities/GetDetailsRequest.ts:63:13)

    console.log
      makeRequest <soapenv:Envelope xmlns:tcs="http://fms.treas.gov/services/tcsonline_3_3" xmlns:soapenv="http://schemas.xmlsoap.org/soap/envelope/">
        <soapenv:Header></soapenv:Header>
        <soapenv:Body>
          <tcs:getDetails>
            <getDetailsRequest>
              <tcs_app_id>TCSUSTAXCOURTPETITION</tcs_app_id>
              <paygov_tracking_id>TRK1234567890123456AB</paygov_tracking_id>
            </getDetailsRequest>
          </tcs:getDetails>
        </soapenv:Body>
      </soapenv:Envelope>

      at Object.<anonymous> (src/entities/SoapRequest.ts:72:13)
          at Array.map (<anonymous>)

    console.log
      makeRequest <?xml version="1.0" encoding="UTF-8"?>
      <S:Envelope xmlns:S="http://schemas.xmlsoap.org/soap/envelope/">
        <S:Body>
          <ns2:getDetailsResponse xmlns:ns2="http://fms.treas.gov/services/tcsonline_3_1">
            <getDetailsResponse>
              <transactions>
                <transaction>
                  <paygov_tracking_id>TRK1234567890123456AB</paygov_tracking_id>
                  <transaction_status>Received</transaction_status>
                </transaction>
              </transactions>
            </getDetailsResponse>
          </ns2:getDetailsResponse>
        </S:Body>
      </S:Envelope>

      at Object.<anonymous> (src/entities/SoapRequest.ts:74:13)

    console.log
      getDetails api response {
        transactions: {
          transaction: {
            paygov_tracking_id: 'TRK1234567890123456AB',
            transaction_status: 'Received',
            '#text': '\n            \n            \n          '
          },
          '#text': '\n          \n        '
        },
        '#text': '\n        \n      '
      }

      at GetRequestRequest.<anonymous> (src/entities/GetDetailsRequest.ts:63:13)

    console.log
      makeRequest <soapenv:Envelope xmlns:tcs="http://fms.treas.gov/services/tcsonline_3_3" xmlns:soapenv="http://schemas.xmlsoap.org/soap/envelope/">
        <soapenv:Header></soapenv:Header>
        <soapenv:Body>
          <tcs:getDetails>
            <getDetailsRequest>
              <tcs_app_id>TCSUSTAXCOURTPETITION</tcs_app_id>
              <paygov_tracking_id>TRK1234567890123456AB</paygov_tracking_id>
            </getDetailsRequest>
          </tcs:getDetails>
        </soapenv:Body>
      </soapenv:Envelope>

      at Object.<anonymous> (src/entities/SoapRequest.ts:72:13)
          at Array.map (<anonymous>)

    console.log
      makeRequest <?xml version="1.0" encoding="UTF-8"?>
      <S:Envelope xmlns:S="http://schemas.xmlsoap.org/soap/envelope/">
        <S:Body>
          <ns2:getDetailsResponse xmlns:ns2="http://fms.treas.gov/services/tcsonline_3_1">
            <getDetailsResponse>
              <transactions>
                <transaction>
                  <paygov_tracking_id>TRK1234567890123456AB</paygov_tracking_id>
                  <transaction_status>Success</transaction_status>
                  <payment_type>GIFT_CARD</payment_type>
                  <transaction_date>2026-01-15T10:30:00</transaction_date>
                  <payment_date>2026-01-16</payment_date>
                </transaction>
              </transactions>
            </getDetailsResponse>
          </ns2:getDetailsResponse>
        </S:Body>
      </S:Envelope>

      at Object.<anonymous> (src/entities/SoapRequest.ts:74:13)

    console.log
      getDetails api response {
        transactions: {
          transaction: {
            paygov_tracking_id: 'TRK1234567890123456AB',
            transaction_status: 'Success',
            payment_type: 'GIFT_CARD',
            transaction_date: '2026-01-15T10:30:00',
            payment_date: '2026-01-16',
            '#text': '\n' +
              '            \n' +
              '            \n' +
              '            \n' +
              '            \n' +
              '            \n' +
              '          '
          },
          '#text': '\n          \n        '
        },
        '#text': '\n        \n      '
      }

      at GetRequestRequest.<anonymous> (src/entities/GetDetailsRequest.ts:63:13)

    console.log
      makeRequest <soapenv:Envelope xmlns:tcs="http://fms.treas.gov/services/tcsonline_3_3" xmlns:soapenv="http://schemas.xmlsoap.org/soap/envelope/">
        <soapenv:Header></soapenv:Header>
        <soapenv:Body>
          <tcs:getDetails>
            <getDetailsRequest>
              <tcs_app_id>TCSUSTAXCOURTPETITION</tcs_app_id>
              <paygov_tracking_id>TRK1234567890123456AB</paygov_tracking_id>
            </getDetailsRequest>
          </tcs:getDetails>
        </soapenv:Body>
      </soapenv:Envelope>

      at Object.<anonymous> (src/entities/SoapRequest.ts:72:13)
          at Array.map (<anonymous>)

    console.log
      makeRequest <?xml version="1.0" encoding="UTF-8"?>
      <S:Envelope xmlns:S="http://schemas.xmlsoap.org/soap/envelope/">
        <S:Body>
          <ns2:getDetailsResponse xmlns:ns2="http://fms.treas.gov/services/tcsonline_3_1">
            <getDetailsResponse>
              <transactions>
                <transaction>
                  <paygov_tracking_id>TRK1234567890123456AB</paygov_tracking_id>
                  <transaction_status>Success</transaction_status>
                  <payment_type>ACH</payment_type>
                  <transaction_date>2026-01-15T10:30:00</transaction_date>
                  <payment_date>2026-01-16</payment_date>
                </transaction>
              </transactions>
            </getDetailsResponse>
          </ns2:getDetailsResponse>
        </S:Body>
      </S:Envelope>

      at Object.<anonymous> (src/entities/SoapRequest.ts:74:13)

    console.log
      getDetails api response {
        transactions: {
          transaction: {
            paygov_tracking_id: 'TRK1234567890123456AB',
            transaction_status: 'Success',
            payment_type: 'ACH',
            transaction_date: '2026-01-15T10:30:00',
            payment_date: '2026-01-16',
            '#text': '\n' +
              '            \n' +
              '            \n' +
              '            \n' +
              '            \n' +
              '            \n' +
              '          '
          },
          '#text': '\n          \n        '
        },
        '#text': '\n        \n      '
      }

      at GetRequestRequest.<anonymous> (src/entities/GetDetailsRequest.ts:63:13)

    console.log
      makeRequest <soapenv:Envelope xmlns:tcs="http://fms.treas.gov/services/tcsonline_3_3" xmlns:soapenv="http://schemas.xmlsoap.org/soap/envelope/">
        <soapenv:Header></soapenv:Header>
        <soapenv:Body>
          <tcs:getDetails>
            <getDetailsRequest>
              <tcs_app_id>TCSUSTAXCOURTPETITION</tcs_app_id>
              <paygov_tracking_id>TRK1234567890123456AB</paygov_tracking_id>
            </getDetailsRequest>
          </tcs:getDetails>
        </soapenv:Body>
      </soapenv:Envelope>

      at Object.<anonymous> (src/entities/SoapRequest.ts:72:13)
          at Array.map (<anonymous>)

    console.log
      makeRequest <?xml version="1.0" encoding="UTF-8"?>
      <S:Envelope xmlns:S="http://schemas.xmlsoap.org/soap/envelope/">
        <S:Body>
          <ns2:getDetailsResponse xmlns:ns2="http://fms.treas.gov/services/tcsonline_3_1">
            <getDetailsResponse>
              <transactions>
                <transaction>
                  <paygov_tracking_id>TRK1234567890123456AB</paygov_tracking_id>
                  <transaction_status>Success</transaction_status>
                  <payment_type>ACH</payment_type>
                  <transaction_date>2026-01-15T10:30:00</transaction_date>
                  <payment_date>2026-01-16</payment_date>
                </transaction>
              </transactions>
            </getDetailsResponse>
          </ns2:getDetailsResponse>
        </S:Body>
      </S:Envelope>

      at Object.<anonymous> (src/entities/SoapRequest.ts:74:13)

    console.log
      getDetails api response {
        transactions: {
          transaction: {
            paygov_tracking_id: 'TRK1234567890123456AB',
            transaction_status: 'Success',
            payment_type: 'ACH',
            transaction_date: '2026-01-15T10:30:00',
            payment_date: '2026-01-16',
            '#text': '\n' +
              '            \n' +
              '            \n' +
              '            \n' +
              '            \n' +
              '            \n' +
              '          '
          },
          '#text': '\n          \n        '
        },
        '#text': '\n        \n      '
      }

      at GetRequestRequest.<anonymous> (src/entities/GetDetailsRequest.ts:63:13)

    console.log
      makeRequest <soapenv:Envelope xmlns:tcs="http://fms.treas.gov/services/tcsonline_3_3" xmlns:soapenv="http://schemas.xmlsoap.org/soap/envelope/">
        <soapenv:Header></soapenv:Header>
        <soapenv:Body>
          <tcs:getDetails>
            <getDetailsRequest>
              <tcs_app_id>TCSUSTAXCOURTPETITION</tcs_app_id>
              <paygov_tracking_id>TRK0000000000000001AB</paygov_tracking_id>
            </getDetailsRequest>
          </tcs:getDetails>
        </soapenv:Body>
      </soapenv:Envelope>

      at Object.<anonymous> (src/entities/SoapRequest.ts:72:13)
          at Array.map (<anonymous>)

    console.log
      makeRequest <soapenv:Envelope xmlns:tcs="http://fms.treas.gov/services/tcsonline_3_3" xmlns:soapenv="http://schemas.xmlsoap.org/soap/envelope/">
        <soapenv:Header></soapenv:Header>
        <soapenv:Body>
          <tcs:getDetails>
            <getDetailsRequest>
              <tcs_app_id>TCSUSTAXCOURTPETITION</tcs_app_id>
              <paygov_tracking_id>TRK0000000000000002AB</paygov_tracking_id>
            </getDetailsRequest>
          </tcs:getDetails>
        </soapenv:Body>
      </soapenv:Envelope>

      at Object.<anonymous> (src/entities/SoapRequest.ts:72:13)
          at Array.map (<anonymous>)

    console.log
      makeRequest <?xml version="1.0" encoding="UTF-8"?>
      <S:Envelope xmlns:S="http://schemas.xmlsoap.org/soap/envelope/">
        <S:Body>
          <ns2:getDetailsResponse xmlns:ns2="http://fms.treas.gov/services/tcsonline_3_1">
            <getDetailsResponse>
              <transactions>
                <transaction>
                  <paygov_tracking_id>TRK1234567890123456AB</paygov_tracking_id>
                  <transaction_status>Received</transaction_status>
                </transaction>
              </transactions>
            </getDetailsResponse>
          </ns2:getDetailsResponse>
        </S:Body>
      </S:Envelope>

      at Object.<anonymous> (src/entities/SoapRequest.ts:74:13)

    console.log
      makeRequest <?xml version="1.0" encoding="UTF-8"?>
      <S:Envelope xmlns:S="http://schemas.xmlsoap.org/soap/envelope/">
        <S:Body>
          <ns2:getDetailsResponse xmlns:ns2="http://fms.treas.gov/services/tcsonline_3_1">
            <getDetailsResponse>
              <transactions>
                <transaction>
                  <paygov_tracking_id>TRK1234567890123456AB</paygov_tracking_id>
                  <transaction_status>Received</transaction_status>
                </transaction>
              </transactions>
            </getDetailsResponse>
          </ns2:getDetailsResponse>
        </S:Body>
      </S:Envelope>

      at Object.<anonymous> (src/entities/SoapRequest.ts:74:13)

    console.log
      getDetails api response {
        transactions: {
          transaction: {
            paygov_tracking_id: 'TRK1234567890123456AB',
            transaction_status: 'Received',
            '#text': '\n            \n            \n          '
          },
          '#text': '\n          \n        '
        },
        '#text': '\n        \n      '
      }

      at GetRequestRequest.<anonymous> (src/entities/GetDetailsRequest.ts:63:13)

    console.log
      getDetails api response {
        transactions: {
          transaction: {
            paygov_tracking_id: 'TRK1234567890123456AB',
            transaction_status: 'Received',
            '#text': '\n            \n            \n          '
          },
          '#text': '\n          \n        '
        },
        '#text': '\n        \n      '
      }

      at GetRequestRequest.<anonymous> (src/entities/GetDetailsRequest.ts:63:13)


Test Suites: 36 passed, 36 total
Tests:       313 passed, 313 total
Snapshots:   0 total
Time:        1.566 s, estimated 2 s
Ran all test suites.
